--------- beginning of main
06-24 00:47:10.065   480  4020 D android.hardware.audio@7.1-impl.ranchu: 544 frames of silence written
06-24 00:47:10.079   480  4020 D android.hardware.audio@7.1-impl.ranchu: 544 frames of silence written
06-24 00:47:10.087   480  4020 D android.hardware.audio@7.1-impl.ranchu: 544 frames of silence written
06-24 00:47:10.099   480  4020 D android.hardware.audio@7.1-impl.ranchu: 544 frames of silence written
06-24 00:47:10.110   480  4020 D android.hardware.audio@7.1-impl.ranchu: 544 frames of silence written
06-24 00:47:10.121   480  4020 D android.hardware.audio@7.1-impl.ranchu: 544 frames of silence written
06-24 00:47:10.133   480  4020 D android.hardware.audio@7.1-impl.ranchu: 544 frames of silence written
06-24 00:47:10.145   480  4020 D android.hardware.audio@7.1-impl.ranchu: 544 frames of silence written
06-24 00:47:10.156   480  4020 D android.hardware.audio@7.1-impl.ranchu: 544 frames of silence written
06-24 00:47:10.167   480  4020 D android.hardware.audio@7.1-impl.ranchu: 544 frames of silence written
06-24 00:47:10.171   543   543 I adbd    : adbd service requested 'shell,v2,raw:am force-stop com.kian.perficon'
06-24 00:47:10.179   480  4020 D android.hardware.audio@7.1-impl.ranchu: 544 frames of silence written
06-24 00:47:10.190   480  4020 D android.hardware.audio@7.1-impl.ranchu: 544 frames of silence written
06-24 00:47:10.200   480  4020 D android.hardware.audio@7.1-impl.ranchu: 544 frames of silence written
--------- beginning of system
06-24 00:47:10.208   707  2111 I ActivityManager: Force stopping com.kian.perficon appid=10229 user=0: from pid 4897
06-24 00:47:10.212   480  4020 D android.hardware.audio@7.1-impl.ranchu: 544 frames of silence written
06-24 00:47:10.217   707  2111 I ActivityManager: Killing 2784:com.kian.perficon/u0a229 (adj 0): stop com.kian.perficon due to from pid 4897
06-24 00:47:10.220   707  2111 W ActivityTaskManager: Force removing ActivityRecord{1886068 u0 com.kian.perficon/.MainActivity t407 f}}: app died, no saved state
06-24 00:47:10.222   707  2111 W ActivityTaskManager: Force removing ActivityRecord{99468901 u0 com.kian.perficon/.MainActivity t407 f}}: app died, no saved state
06-24 00:47:10.222   707  2111 W TransitionChain: Combining appDied into #9(CLOSE|R|0x0) from appDied
06-24 00:47:10.222  1016  1047 V WindowManagerShell: Transition requested (#9): android.os.BinderProxy@7cf8235 TransitionRequestInfo { type = CLOSE, triggerTask = null, pipChange = null, remoteTransitionInfo = null, displayChanges = null, requestedLocation = null, userChange = null, windowingLayerChange = null, fullscreenRequestChange = null, flags = 0, debugId = 9 }
06-24 00:47:10.223  1016  1047 W DisconnectHandler: No disconnect change found in the transition, not handling request.
06-24 00:47:10.223  1016  1047 V ShellDesktopMode: DesktopTasksController: skipping handleRequest reason=triggerTask is null
06-24 00:47:10.223   480  4020 D android.hardware.audio@7.1-impl.ranchu: 544 frames of silence written
06-24 00:47:10.224   707   827 W UsageStatsService: Unexpected activity event reported! (com.kian.perficon/com.kian.perficon.MainActivity event : 23 instanceId : 86284616)
06-24 00:47:10.227   707  2111 D OomAdjuster: Not killing cached processes
06-24 00:47:10.229  1016  1047 V RecentTasksController: Notify recent tasks changed
06-24 00:47:10.232   707  2111 I AppsFilter: interaction: PackageSetting{8695191 com.kian.perficontemplate/10233} -> PackageSetting{c076d0a com.kian.perficon/10229} BLOCKED
06-24 00:47:10.234   707   740 V GrammaticalInflectionUtils: AttributionSource: android.content.AttributionSource@1854e362 does not have READ_SYSTEM_GRAMMATICAL_GENDER permission.
06-24 00:47:10.234   707   740 D CompatChangeReporter: Compat change id reported: 151861875; UID 10228; state: ENABLED
06-24 00:47:10.236   480  4020 D android.hardware.audio@7.1-impl.ranchu: 544 frames of silence written
06-24 00:47:10.239  1199  1199 D RecentTasksList: invalidateLoadedTasks - previous requestLoadId: -1
06-24 00:47:10.246   480  4020 D android.hardware.audio@7.1-impl.ranchu: 544 frames of silence written
06-24 00:47:10.258   480  4020 D android.hardware.audio@7.1-impl.ranchu: 544 frames of silence written
06-24 00:47:10.265  1624  1633 W FuseDaemon: Suspending all threads took: 18.069ms
06-24 00:47:10.269   480  4020 D android.hardware.audio@7.1-impl.ranchu: 544 frames of silence written
06-24 00:47:10.273   707  1175 I WindowManager: WIN DEATH: Window{db5910c u0 com.kian.perficon/com.kian.perficon.MainActivity}
06-24 00:47:10.275   707  1964 V ActivityManager: Got obituary of 2784:com.kian.perficon
06-24 00:47:10.276   707  1878 I ImeTracker: com.kian.perficon:ee26cbd5: onRequestHide at ORIGIN_SERVER reason HIDE_REMOVE_CLIENT fromUser false userId 0 displayId 0
06-24 00:47:10.276   707  1878 I ImeTracker: com.kian.perficon:ee26cbd5: onCancelled at PHASE_SERVER_SHOULD_HIDE
06-24 00:47:10.276   463   463 D Zygote  : Forked child process 4900
06-24 00:47:10.278   707  1175 I WindowManager: WIN DEATH: Window{60ce65a u0 com.kian.perficon/com.kian.perficon.MainActivity}
06-24 00:47:10.279   543   543 I adbd    : adbd service requested 'shell,v2,raw:am start -n com.kian.perficon/com.kian.perficon.MainActivity'
06-24 00:47:10.280   480  4020 D android.hardware.audio@7.1-impl.ranchu: 544 frames of silence written
06-24 00:47:10.280  1188  1188 D CarrierSvcBindHelper: onHandleForceStop: [com.kian.perficon]
06-24 00:47:10.280   707   750 I ActivityManager: Start proc 4900:app.lawnchair/u0a228 for top-activity {app.lawnchair/app.lawnchair.LawnchairLauncher}
06-24 00:47:10.288  3509  3509 W InputChannel-JNI: Channel already disposed.
06-24 00:47:10.288  1188  1188 D CarrierSvcBindHelper: No carrier app for: 0
06-24 00:47:10.288   707   750 W ActivityManager: Slow operation: 55ms so far, now at startProcess: done updating pids map
06-24 00:47:10.291   480  4020 D android.hardware.audio@7.1-impl.ranchu: 544 frames of silence written
06-24 00:47:10.292   543   543 I adbd    : Remote process closed the socket (on MSG_PEEK)
06-24 00:47:10.295   707   740 V WindowManager: Unknown focus tokens, dropping reportFocusChanged
06-24 00:47:10.297  4900  4900 I libprocessgroup: Created cgroup /sys/fs/cgroup/apps/uid_10228/pid_4900
06-24 00:47:10.298   527  3419 D AudioFlinger: onStateChanged: pid:3581  uid:10182  state:unfrozen - no freeze activity
06-24 00:47:10.303   480  4020 D android.hardware.audio@7.1-impl.ranchu: 544 frames of silence written
06-24 00:47:10.305   707   751 I libprocessgroup: Removed cgroup /sys/fs/cgroup/apps/uid_10229/pid_2784
06-24 00:47:10.310   463   463 I Zygote  : Process 2784 exited due to signal 9 (Killed)
06-24 00:47:10.315   480  4020 D android.hardware.audio@7.1-impl.ranchu: 544 frames of silence written
06-24 00:47:10.325   480  4020 D android.hardware.audio@7.1-impl.ranchu: 544 frames of silence written
06-24 00:47:10.326   707  1878 W ActivityTaskManager: callingPackage for (uid=2000, pid=4903) has no WPC
06-24 00:47:10.328   707  1878 V GrammaticalInflectionUtils: AttributionSource: android.content.AttributionSource@1a09bc01 does not have READ_SYSTEM_GRAMMATICAL_GENDER permission.
06-24 00:47:10.329   707  1878 W TransitionChain: Combining startAct into #9(CLOSE|R|0x0) from appDied
06-24 00:47:10.336   480  4020 D android.hardware.audio@7.1-impl.ranchu: 544 frames of silence written
06-24 00:47:10.337   707   828 D ActivityManager: sync unfroze 3581 com.google.android.youtube for 6
06-24 00:47:10.337   707  1878 I AppsFilter: interaction: PackageSetting{8695191 com.kian.perficontemplate/10233} -> PackageSetting{a11d837 com.kian.perficon/10229} BLOCKED
06-24 00:47:10.341   707   828 D ActivityManager: sync unfroze 4105 com.android.chrome for 6
06-24 00:47:10.341   707  1878 I ActivityTaskManager: Add Task{fce6f3a #407 type=standard A=10229:com.kian.perficon} to hidden list because adding Task{35de2d1 #408 type=standard A=10229:com.kian.perficon}
06-24 00:47:10.341  4900  4900 I Zygote  : Process 4900 created for app.lawnchair
06-24 00:47:10.342  4900  4900 I app.lawnchair: Using generational CollectorTypeCMC GC.
06-24 00:47:10.343  4900  4900 W app.lawnchair: Unexpected CPU variant for x86: x86_64.
06-24 00:47:10.343  4900  4900 W app.lawnchair: Known variants: atom, sandybridge, silvermont, goldmont, goldmont-plus, goldmont-without-sha-xsaves, tremont, kabylake, alderlake, pantherlake, default
06-24 00:47:10.344   707   740 W ActivityManager: setHasOverlayUi called on unknown pid: 2784
06-24 00:47:10.346   707  1878 V ActivityTaskManager: TaskLaunchParamsModifier: phase=3 task=Task{35de2d1 #408 type=standard A=10229:com.kian.perficon} activity=ActivityRecord{113311224 u0 com.kian.perficon/.MainActivity t-1} display-from-task=0 display-id=0 task-display-area-windowing-mode=1 suggested-display-area=DefaultTaskDisplayArea@266987573 inherit-from-task=fullscreen non-freeform-task-display-area display-area=DefaultTaskDisplayArea@266987573 skip-bounds-fullscreen
06-24 00:47:10.346   707  1878 I ActivityTaskManager: START u0 {flg=0x10000000 xflg=0x5 cmp=com.kian.perficon/.MainActivity} with LAUNCH_MULTIPLE from uid 2000 (com.android.shell) (BAL_ALLOW_PERMISSION) result code=0
06-24 00:47:10.348   480  4020 D android.hardware.audio@7.1-impl.ranchu: 544 frames of silence written
06-24 00:47:10.359   480  4020 D android.hardware.audio@7.1-impl.ranchu: 544 frames of silence written
06-24 00:47:10.371   480  4020 D android.hardware.audio@7.1-impl.ranchu: 544 frames of silence written
06-24 00:47:10.372  4900  4900 D nativeloader: Load libframework-connectivity-tiramisu-jni.so using APEX ns com_android_tethering for caller /apex/com.android.tethering/javalib/framework-connectivity-t.jar: ok
06-24 00:47:10.376   707  1940 D CompatChangeReporter: Compat change id reported: 377864165; UID 10229; state: ENABLED
06-24 00:47:10.382   707   740 V GrammaticalInflectionUtils: AttributionSource: android.content.AttributionSource@1a09bc01 does not have READ_SYSTEM_GRAMMATICAL_GENDER permission.
06-24 00:47:10.382   480  4020 D android.hardware.audio@7.1-impl.ranchu: 544 frames of silence written
06-24 00:47:10.385   707  1964 W InputChannel-JNI: Channel already disposed.
06-24 00:47:10.391   707   707 W Looper  : Slow dispatch took 122ms main app=system_server main=true group=FOREGROUND h=android.app.ActivityThread$H c=android.app.LoadedApk$ReceiverDispatcher$Args$$ExternalSyntheticLambda0@ca3e13c m=0
06-24 00:47:10.391  1016  1047 V RecentTasksController: Notify recent tasks changed
06-24 00:47:10.392  1199  1199 D RecentTasksList: invalidateLoadedTasks - previous requestLoadId: -1
06-24 00:47:10.393   480  4020 D android.hardware.audio@7.1-impl.ranchu: 544 frames of silence written
06-24 00:47:10.393  1016  1047 D ShellDesktopMode: DesktopRepository(0): Removes freeform task: taskId=407
06-24 00:47:10.394  1016  1047 W ShellDesktopMode: DesktopRepository(0): No display id found for task: taskId=407
06-24 00:47:10.394  1016  1047 V RecentTasksController: Notify recent tasks changed
06-24 00:47:10.398   707   828 W JobServiceContext: Sending onNetworkChanged for a job that isn't started. JobStatus{2860881 androidx.work.systemjobscheduler:u0a182/115 #delayed_event_dispatch_dispatch_to_empty_tier_one_off_task#@androidx.work.systemjobscheduler@com.google.android.youtube/androidx.work.impl.background.systemjob.SystemJobService u=0 s=10182 TIME=-1m27s106ms:none NET READY}
06-24 00:47:10.398  1199  1199 D RecentTasksList: invalidateLoadedTasks - previous requestLoadId: -1
06-24 00:47:10.398   707   828 W JobServiceContext: Sending onNetworkChanged for a job that isn't started. JobStatus{791f62 androidx.work.systemjobscheduler:u0a182/116 #delayed_event_dispatch_default_tier_one_off_task#@androidx.work.systemjobscheduler@com.google.android.youtube/androidx.work.impl.background.systemjob.SystemJobService u=0 s=10182 TIME=-1m26s899ms:none NET READY}
06-24 00:47:10.405   480  4020 D android.hardware.audio@7.1-impl.ranchu: 544 frames of silence written
06-24 00:47:10.416   480  4020 D android.hardware.audio@7.1-impl.ranchu: 544 frames of silence written
06-24 00:47:10.427   480  4020 D android.hardware.audio@7.1-impl.ranchu: 544 frames of silence written
06-24 00:47:10.438   480  4020 D android.hardware.audio@7.1-impl.ranchu: 544 frames of silence written
06-24 00:47:10.439  4900  4900 D ApplicationLoaders: Returning zygote-cached class loader: /system_ext/framework/androidx.window.extensions.jar
06-24 00:47:10.439  4900  4900 D ApplicationLoaders: Returning zygote-cached class loader: /system_ext/framework/androidx.window.sidecar.jar
06-24 00:47:10.439   463   463 D Zygote  : Forked child process 4916
06-24 00:47:10.439   707   750 W ActivityManager: Slow operation: 58ms so far, now at startProcess: returned from zygote!
06-24 00:47:10.440   707   750 W ActivityManager: Slow operation: 58ms so far, now at startProcess: done updating battery stats
06-24 00:47:10.440   707   750 W ActivityManager: Slow operation: 58ms so far, now at startProcess: building log message
06-24 00:47:10.440   707   750 I ActivityManager: Start proc 4916:com.kian.perficon/u0a229 for top-activity {com.kian.perficon/com.kian.perficon.MainActivity}
06-24 00:47:10.440   707   750 W ActivityManager: Slow operation: 58ms so far, now at startProcess: starting to update pids map
06-24 00:47:10.440   707   750 W ActivityManager: Slow operation: 58ms so far, now at startProcess: done updating pids map
06-24 00:47:10.444  4916  4916 I libprocessgroup: Created cgroup /sys/fs/cgroup/apps/uid_10229/pid_4916
06-24 00:47:10.448   707  1175 D WindowManager: setClientSurface Surface(name=VRI-Splash Screen com.kian.perficon#186)/@0x640116c for 519410 Splash Screen com.kian.perficon
06-24 00:47:10.451   480  4020 D android.hardware.audio@7.1-impl.ranchu: 544 frames of silence written
06-24 00:47:10.452  1016  1095 I Surface : Creating surface for consumer unnamed-1016-8 with slotExpansion=1 for 64 slots
06-24 00:47:10.452  1016  1095 I Surface : Creating surface for consumer VRI[perficon]#8(BLAST Consumer)8 with slotExpansion=1 for 64 slots
06-24 00:47:10.460  4916  4916 I Zygote  : Process 4916 created for com.kian.perficon
06-24 00:47:10.460  4916  4916 I m.kian.perficon: Late-enabling -Xcheck:jni
06-24 00:47:10.461   480  4020 D android.hardware.audio@7.1-impl.ranchu: 544 frames of silence written
06-24 00:47:10.462  4900  4900 D nativeloader: Configuring clns-9 for other apk /data/app/~~egQcqV0n9Xyqq9YQ3c8tsA==/app.lawnchair-646DSh1B5K5kQUe8UHNVAg==/base.apk. target_sdk_version=35, uses_libraries=, library_path=/data/app/~~egQcqV0n9Xyqq9YQ3c8tsA==/app.lawnchair-646DSh1B5K5kQUe8UHNVAg==/lib/x86_64:/data/app/~~egQcqV0n9Xyqq9YQ3c8tsA==/app.lawnchair-646DSh1B5K5kQUe8UHNVAg==/base.apk!/lib/x86_64, permitted_path=/data:/mnt/expand:/data/user/0/app.lawnchair
06-24 00:47:10.463  4900  4900 D CompatChangeReporter: Compat change id reported: 202956589; UID 10228; state: ENABLED
06-24 00:47:10.477  4900  4900 V GraphicsEnvironment: Currently set values for:
06-24 00:47:10.481  4900  4900 V GraphicsEnvironment:   angle_gl_driver_selection_pkgs=[]
06-24 00:47:10.483  4900  4900 V GraphicsEnvironment:   angle_gl_driver_selection_values=[]
06-24 00:47:10.483  4900  4900 V GraphicsEnvironment: app.lawnchair is not listed in per-application setting
06-24 00:47:10.487  4900  4900 V GraphicsEnvironment: No special selections for ANGLE, returning default driver choice
06-24 00:47:10.489  4900  4900 V GraphicsEnvironment: Neither updatable production driver nor prerelease driver is supported.
06-24 00:47:10.503  4916  4916 I m.kian.perficon: Using generational CollectorTypeCMC GC.
06-24 00:47:10.505  4916  4916 W m.kian.perficon: Unexpected CPU variant for x86: x86_64.
06-24 00:47:10.505  4916  4916 W m.kian.perficon: Known variants: atom, sandybridge, silvermont, goldmont, goldmont-plus, goldmont-without-sha-xsaves, tremont, kabylake, alderlake, pantherlake, default
06-24 00:47:10.512  4900  4900 D nativeloader: Load /data/app/~~egQcqV0n9Xyqq9YQ3c8tsA==/app.lawnchair-646DSh1B5K5kQUe8UHNVAg==/base.apk!/lib/x86_64/libnrb.so using class loader ns clns-9 (caller=/data/app/~~egQcqV0n9Xyqq9YQ3c8tsA==/app.lawnchair-646DSh1B5K5kQUe8UHNVAg==/base.apk!classes4.dex): ok
06-24 00:47:10.512  4900  4920 D native  : Found attached 0
06-24 00:47:10.512  4900  4920 D native  : Calling class is: java.lang.Class
06-24 00:47:10.512  4900  4921 D native  : Found attached 0
06-24 00:47:10.512  4900  4921 D native  : Calling class is: java.lang.Class
06-24 00:47:10.513  4900  4900 I MainProcessInitializer: Unseal success!
06-24 00:47:10.535  4900  4900 I HWUI    : Using FreeType backend (prop=Auto)
06-24 00:47:10.549   480  4020 D android.hardware.audio@7.1-impl.ranchu: 544 frames of silence written
06-24 00:47:10.549   480  4020 D android.hardware.audio@7.1-impl.ranchu: 544 frames of silence written
06-24 00:47:10.549   480  4020 D android.hardware.audio@7.1-impl.ranchu: 544 frames of silence written
06-24 00:47:10.550   480  4020 D android.hardware.audio@7.1-impl.ranchu: 544 frames of silence written
06-24 00:47:10.559   543   581 I adbd    : jdwp connection from 4916
06-24 00:47:10.564   480  4020 D android.hardware.audio@7.1-impl.ranchu: 544 frames of silence written
06-24 00:47:10.571   707  1175 D CompatChangeReporter: Compat change id reported: 324203798; UID 10228; state: ENABLED
06-24 00:47:10.573   480  4020 D android.hardware.audio@7.1-impl.ranchu: 544 frames of silence written
06-24 00:47:10.584   480  4020 D android.hardware.audio@7.1-impl.ranchu: 544 frames of silence written
06-24 00:47:10.595   480  4020 D android.hardware.audio@7.1-impl.ranchu: 544 frames of silence written
06-24 00:47:10.595  4900  4931 I DisplayManager: Choreographer implicitly registered for the refresh rate.
06-24 00:47:10.608   480  4020 D android.hardware.audio@7.1-impl.ranchu: 544 frames of silence written
06-24 00:47:10.618   480  4020 D android.hardware.audio@7.1-impl.ranchu: 544 frames of silence written
06-24 00:47:10.620  4900  4900 D DesktopExperienceFlags: Toggle override initialized to: false
06-24 00:47:10.622  4916  4916 D nativeloader: Load libframework-connectivity-tiramisu-jni.so using APEX ns com_android_tethering for caller /apex/com.android.tethering/javalib/framework-connectivity-t.jar: ok
06-24 00:47:10.627  1624  1624 D WM-DelayedWorkTracker: Scheduling work f10f02ca-75a5-4563-acee-c92a5c4c3f67
06-24 00:47:10.627  1624  1624 D WM-GreedyScheduler: Starting tracking for f10f02ca-75a5-4563-acee-c92a5c4c3f67
06-24 00:47:10.629   480  4020 D android.hardware.audio@7.1-impl.ranchu: 544 frames of silence written
06-24 00:47:10.633  1624  2043 D WM-ConstraintTracker: BatteryNotLowTracker: initial state = true
06-24 00:47:10.633  1624  2043 D WM-BrdcstRcvrCnstrntTrc: BatteryNotLowTracker: registering receiver
06-24 00:47:10.633  1624  2043 D WM-GreedyScheduler: Constraints met: Scheduling work ID WorkGenerationalId(workSpecId=f10f02ca-75a5-4563-acee-c92a5c4c3f67, generation=0)
06-24 00:47:10.634  1624  2043 D WM-Processor: Processor: processing WorkGenerationalId(workSpecId=f10f02ca-75a5-4563-acee-c92a5c4c3f67, generation=0)
06-24 00:47:10.636  1624  1624 D WM-WorkerWrapper: Starting work for com.android.providers.media.photopicker.sync.ProactiveSyncWorker
06-24 00:47:10.637  1624  4759 I PSyncWorker: Starting proactive picker sync from sync source: 1
06-24 00:47:10.637  1624  4759 I PickerSyncTracker: Created new sync future java.util.concurrent.CompletableFuture@ecd36dc[Not completed, 1 dependents]. Future map: {f10f02ca-75a5-4563-acee-c92a5c4c3f67=java.util.concurrent.CompletableFuture@ecd36dc[Not completed, 1 dependents]}
06-24 00:47:10.637  1624  4759 D PickerSyncController: syncAllMediaFromProvider() LOCAL, auth=com.android.providers.media.photopicker, retry=true
06-24 00:47:10.637  1624  4759 D PickerSyncController: getSyncRequestParams() LOCAL, auth=com.android.providers.media.photopicker
06-24 00:47:10.640  4900  4931 I GFXSTREAM: [eglDisplay.cpp(297)] Opening libGLESv1_CM_emulation.so
06-24 00:47:10.640  4900  4931 I GFXSTREAM: [eglDisplay.cpp(297)] Opening libGLESv2_emulation.so
06-24 00:47:10.794   480  4020 D android.hardware.audio@7.1-impl.ranchu: 544 frames of silence written
06-24 00:47:10.796  4900  4931 W libc    : Access denied finding property "vendor.mesa.virtgpu.kumquat"
06-24 00:47:10.797   480  4020 D android.hardware.audio@7.1-impl.ranchu: 544 frames of silence written
06-24 00:47:10.797   480  4020 D android.hardware.audio@7.1-impl.ranchu: 544 frames of silence written
06-24 00:47:10.797   480  4020 D android.hardware.audio@7.1-impl.ranchu: 544 frames of silence written
06-24 00:47:10.797   480  4020 D android.hardware.audio@7.1-impl.ranchu: 544 frames of silence written
06-24 00:47:10.809   480  4020 D android.hardware.audio@7.1-impl.ranchu: 544 frames of silence written
06-24 00:47:10.821   480  4020 D android.hardware.audio@7.1-impl.ranchu: 544 frames of silence written
06-24 00:47:10.831   480  4020 D android.hardware.audio@7.1-impl.ranchu: 544 frames of silence written
06-24 00:47:10.833  1624  4759 D PickerSyncController:    Latest ID/Gen=bf2c2f3eec4e8cb6:0000-0000:external_primary/324069
06-24 00:47:10.833  1624  4759 D PickerSyncController:    Cached ID/Gen=bf2c2f3eec4e8cb6:0000-0000:external_primary/324069
06-24 00:47:10.833  1624  4759 D PickerSyncController:    RESULT=SyncRequestParams{type=NONE, gen=0, latest=null, pageSize=1000}
06-24 00:47:10.833  1624  4759 I PickerSyncTracker: Marked sync future complete for work id: f10f02ca-75a5-4563-acee-c92a5c4c3f67. Future map: {}
06-24 00:47:10.833  1624  4759 I PSyncWorker: Completed picker proactive sync complete from local provider.
06-24 00:47:10.834  1624  1826 I WM-WorkerWrapper: Worker result SUCCESS for Work [ id=f10f02ca-75a5-4563-acee-c92a5c4c3f67, tags={ com.android.providers.media.photopicker.sync.ProactiveSyncWorker } ]
06-24 00:47:10.835  4900  4900 I DisplayController: (CTOR) perDisplayBounds: {CachedDisplayInfo{size=Point(1280, 2856), cutout=DisplayCutout{insets=Rect(0, 156 - 0, 0) waterfall=Insets{left=0, top=0, right=0, bottom=0} boundingRect={Bounds=[Rect(0, 0 - 0, 0), Rect(586, 0 - 695, 156), Rect(0, 0 - 0, 0), Rect(0, 0 - 0, 0)]} cutoutPathParserInfo={CutoutPathParserInfo{displayWidth=1280 displayHeight=2856 physicalDisplayWidth=1280 physicalDisplayHeight=2856 density={3.0} cutoutSpec={m 689,102 a 49,49 0 0 0 -98,0 49,49 0 0 0 98,0 z @left} rotation={0} scale={1.0} physicalPixelDisplaySizeRatio={1.0}}} sideOverrides={}}, rotation=0}=[WindowBounds{bounds=Rect(0, 0 - 1280, 2856), insets=Rect(0, 156 - 0, 144), availableSize=Point(1280, 2556), rotationHint=0}, WindowBounds{bounds=Rect(0, 0 - 2856, 1280), insets=Rect(156, 156 - 144, 0), availableSize=Point(2556, 1124), rotationHint=1}, WindowBounds{bounds=Rect(0, 0 - 1280, 2856), insets=Rect(0, 156 - 0, 156), availableSize=Point(1280, 2544), rotationHint=2}, WindowBounds{bounds=Rect(0, 0 - 2856, 1280), insets=Rect(144, 156 - 156, 0), availableSize=Point(2556, 1124), rotationHint=3}]}
06-24 00:47:10.843   480  4020 D android.hardware.audio@7.1-impl.ranchu: 544 frames of silence written
06-24 00:47:10.845  4900  4931 W HWUI    : Failed to choose config with EGL_SWAP_BEHAVIOR_PRESERVED, retrying without...
06-24 00:47:10.845  4900  4931 W HWUI    : Failed to initialize 101010-2 format, error = EGL_SUCCESS
06-24 00:47:10.836  4916  4916 W re-initialized>: type=1400 audit(0.0:21): avc:  granted  { execute } for  path="/data/data/com.kian.perficon/code_cache/startup_agents/c52d6b25-agent.so" dev="dm-6" ino=362918 scontext=u:r:untrusted_app_34:s0:c229,c256,c512,c768 tcontext=u:object_r:app_data_file:s0:c229,c256,c512,c768 tclass=file app=com.kian.perficon
06-24 00:47:10.853  4916  4916 D nativeloader: Load /data/user/0/com.kian.perficon/code_cache/startup_agents/c52d6b25-agent.so using system ns (caller=<unknown>): ok
06-24 00:47:10.855  4916  4916 V studio.deploy: Startup agent attached to VM
06-24 00:47:10.855  4916  4916 V studio.deploy: No existing instrumentation found. Loading instrumentation from instruments-9dbd448e.jar
06-24 00:47:10.856   480  4020 D android.hardware.audio@7.1-impl.ranchu: 544 frames of silence written
06-24 00:47:10.862  4916  4916 W m.kian.perficon: hiddenapi: DexFile /data/data/com.kian.perficon/code_cache/.studio/instruments-9dbd448e.jar is in boot class path but is not in a known location
06-24 00:47:10.866  4916  4916 V studio.deploy: Applying transforms with cached classes
06-24 00:47:10.866  1624  1826 D WM-SystemJobScheduler: Scheduling work ID def2911f-e550-45b9-8702-9b3891a8a3f6Job ID 833
06-24 00:47:10.868   480  4020 D android.hardware.audio@7.1-impl.ranchu: 544 frames of silence written
06-24 00:47:10.873  4900  4943 D CompatChangeReporter: Compat change id reported: 312399441; UID 10228; state: ENABLED
06-24 00:47:10.875  1624  1624 D WM-SystemJobService: onStartJob for WorkGenerationalId(workSpecId=f10f02ca-75a5-4563-acee-c92a5c4c3f67, generation=0)
06-24 00:47:10.878   480  4020 D android.hardware.audio@7.1-impl.ranchu: 544 frames of silence written
06-24 00:47:10.888  1624  1826 D WM-GreedyScheduler: Ignoring {WorkSpec: 8beebb5c-7dd4-4458-92d0-8123757d330f}. Requires device idle.
06-24 00:47:10.888  1624  1826 D WM-GreedyScheduler: Ignoring {WorkSpec: b3c13ac1-3242-4b6f-a7b8-2b3376cca7ac}. Requires device idle.
06-24 00:47:10.888  1624  1826 D WM-GreedyScheduler: Ignoring {WorkSpec: 744ff3f3-7821-413e-a749-c2174eb7a6dd}. Requires device idle.
06-24 00:47:10.889   480  4020 D android.hardware.audio@7.1-impl.ranchu: 544 frames of silence written
06-24 00:47:10.893  1624  1826 W WM-Processor: Didn't find WorkSpec for id WorkGenerationalId(workSpecId=f10f02ca-75a5-4563-acee-c92a5c4c3f67, generation=0)
06-24 00:47:10.895  1624  1624 D WM-Processor: Processor f10f02ca-75a5-4563-acee-c92a5c4c3f67 executed; reschedule = false
06-24 00:47:10.895  1624  1624 D WM-GreedyScheduler: Stopping tracking for WorkGenerationalId(workSpecId=f10f02ca-75a5-4563-acee-c92a5c4c3f67, generation=0)
06-24 00:47:10.895  1624  1624 D WM-SystemJobService: f10f02ca-75a5-4563-acee-c92a5c4c3f67 executed on JobScheduler
06-24 00:47:10.895  1624  1624 D WM-SystemJobService: f10f02ca-75a5-4563-acee-c92a5c4c3f67 executed on JobScheduler
06-24 00:47:10.900   480  4020 D android.hardware.audio@7.1-impl.ranchu: 544 frames of silence written
06-24 00:47:10.909  4900  4900 D PreferenceManager2: getRemoteDefault: dock_search_bar_provider -> google
06-24 00:47:10.913   480  4020 D android.hardware.audio@7.1-impl.ranchu: 544 frames of silence written
06-24 00:47:10.919  1624  1826 D WM-GreedyScheduler: Cancelling work ID f10f02ca-75a5-4563-acee-c92a5c4c3f67
06-24 00:47:10.921  1624  1826 D WM-GreedyScheduler: Ignoring {WorkSpec: 8beebb5c-7dd4-4458-92d0-8123757d330f}. Requires device idle.
06-24 00:47:10.921  1624  1826 D WM-GreedyScheduler: Ignoring {WorkSpec: b3c13ac1-3242-4b6f-a7b8-2b3376cca7ac}. Requires device idle.
06-24 00:47:10.921  1624  1826 D WM-GreedyScheduler: Ignoring {WorkSpec: 744ff3f3-7821-413e-a749-c2174eb7a6dd}. Requires device idle.
06-24 00:47:10.921  1624  1826 D WM-BrdcstRcvrCnstrntTrc: BatteryNotLowTracker: unregistering receiver
06-24 00:47:10.922  4900  4900 D PreferenceManager2: getRemoteDefault: web_suggestion_provider -> google
06-24 00:47:10.922   480  4020 D android.hardware.audio@7.1-impl.ranchu: 544 frames of silence written
06-24 00:47:10.924  1624  1826 D WM-GreedyScheduler: Cancelling work ID f10f02ca-75a5-4563-acee-c92a5c4c3f67
06-24 00:47:10.925  1624  1826 D WM-GreedyScheduler: Ignoring {WorkSpec: 8beebb5c-7dd4-4458-92d0-8123757d330f}. Requires device idle.
06-24 00:47:10.925  1624  1826 D WM-GreedyScheduler: Ignoring {WorkSpec: b3c13ac1-3242-4b6f-a7b8-2b3376cca7ac}. Requires device idle.
06-24 00:47:10.925  1624  1826 D WM-GreedyScheduler: Ignoring {WorkSpec: 744ff3f3-7821-413e-a749-c2174eb7a6dd}. Requires device idle.
06-24 00:47:10.934   480  4020 D android.hardware.audio@7.1-impl.ranchu: 544 frames of silence written
06-24 00:47:10.947   480  4020 D android.hardware.audio@7.1-impl.ranchu: 544 frames of silence written
06-24 00:47:10.956   707  1878 W ProcessStats: Tracking association SourceState{f25a3ff system/1000 ImpBg #2307} whose proc state 6 is better than process ProcessState{dff353 com.google.android.youtube/10182 pkg=com.google.android.youtube} proc state 14 (2 skipped)
06-24 00:47:10.957   480  4020 D android.hardware.audio@7.1-impl.ranchu: 544 frames of silence written
06-24 00:47:10.957  4900  4900 I Surface : Creating surface for consumer unnamed-4900-0 with slotExpansion=1 for 64 slots
06-24 00:47:10.968   707  1878 W JobScheduler: Job didn't exist in JobStore: 2860881 {androidx.work.systemjobscheduler} #u0a182/115 #delayed_event_dispatch_dispatch_to_empty_tier_one_off_task#@androidx.work.systemjobscheduler@com.google.android.youtube/androidx.work.impl.background.systemjob.SystemJobService
06-24 00:47:10.969   480  4020 D android.hardware.audio@7.1-impl.ranchu: 544 frames of silence written
06-24 00:47:10.980   480  4020 D android.hardware.audio@7.1-impl.ranchu: 544 frames of silence written
06-24 00:47:10.991   480  4020 D android.hardware.audio@7.1-impl.ranchu: 544 frames of silence written
06-24 00:47:10.997  4900  4931 W libc    : Access denied finding property "vendor.mesa.virtgpu.kumquat"
06-24 00:47:11.003   480  4020 D android.hardware.audio@7.1-impl.ranchu: 544 frames of silence written
06-24 00:47:11.014   480  4020 D android.hardware.audio@7.1-impl.ranchu: 544 frames of silence written
06-24 00:47:11.025   480  4020 D android.hardware.audio@7.1-impl.ranchu: 544 frames of silence written
06-24 00:47:11.037   480  4020 D android.hardware.audio@7.1-impl.ranchu: 544 frames of silence written
06-24 00:47:11.049   480  4020 D android.hardware.audio@7.1-impl.ranchu: 544 frames of silence written
06-24 00:47:11.054  4900  4900 E ConsumerBase: [ImageReader-54x54f1u2816m2-4900-0] abandonLocked: ConsumerBase is abandoned!
06-24 00:47:11.060   480  4020 D android.hardware.audio@7.1-impl.ranchu: 544 frames of silence written
06-24 00:47:11.070   480  4020 D android.hardware.audio@7.1-impl.ranchu: 544 frames of silence written
06-24 00:47:11.081   480  4020 D android.hardware.audio@7.1-impl.ranchu: 544 frames of silence written
06-24 00:47:11.093   480  4020 D android.hardware.audio@7.1-impl.ranchu: 544 frames of silence written
06-24 00:47:11.104   480  4020 D android.hardware.audio@7.1-impl.ranchu: 544 frames of silence written
06-24 00:47:11.116   480  4020 D android.hardware.audio@7.1-impl.ranchu: 544 frames of silence written
06-24 00:47:11.125  4900  4900 V Launcher: LauncherAppState initiated
06-24 00:47:11.127   480  4020 D android.hardware.audio@7.1-impl.ranchu: 544 frames of silence written
06-24 00:47:11.138   480  4020 D android.hardware.audio@7.1-impl.ranchu: 544 frames of silence written
06-24 00:47:11.145  4916  4916 W m.kian.perficon: Redefining intrinsic method java.lang.Thread java.lang.Thread.currentThread(). This may cause the unexpected use of the original definition of java.lang.Thread java.lang.Thread.currentThread()in methods that have already been compiled.
06-24 00:47:11.145  4916  4916 W m.kian.perficon: Redefining intrinsic method boolean java.lang.Thread.interrupted(). This may cause the unexpected use of the original definition of boolean java.lang.Thread.interrupted()in methods that have already been compiled.
06-24 00:47:11.149   480  4020 D android.hardware.audio@7.1-impl.ranchu: 544 frames of silence written
06-24 00:47:11.152  4916  4916 I studio.deploy: Registering DispatchJNI
06-24 00:47:11.153  4916  4916 I studio.deploy: Found com/android/tools/deploy/interpreter/JNI
06-24 00:47:11.164   480  4020 D android.hardware.audio@7.1-impl.ranchu: 544 frames of silence written
06-24 00:47:11.173   480  4020 D android.hardware.audio@7.1-impl.ranchu: 544 frames of silence written
06-24 00:47:11.186   480  4020 D android.hardware.audio@7.1-impl.ranchu: 544 frames of silence written
06-24 00:47:11.195   480  4020 D android.hardware.audio@7.1-impl.ranchu: 544 frames of silence written
06-24 00:47:11.202  4916  4916 D ApplicationLoaders: Returning zygote-cached class loader: /system_ext/framework/androidx.window.extensions.jar
06-24 00:47:11.202  4916  4916 D ApplicationLoaders: Returning zygote-cached class loader: /system_ext/framework/androidx.window.sidecar.jar
06-24 00:47:11.207   480  4020 D android.hardware.audio@7.1-impl.ranchu: 544 frames of silence written
06-24 00:47:11.217   480  4020 D android.hardware.audio@7.1-impl.ranchu: 544 frames of silence written
06-24 00:47:11.228   480  4020 D android.hardware.audio@7.1-impl.ranchu: 544 frames of silence written
06-24 00:47:11.239   480  4020 D android.hardware.audio@7.1-impl.ranchu: 544 frames of silence written
06-24 00:47:11.252   480  4020 D android.hardware.audio@7.1-impl.ranchu: 544 frames of silence written
06-24 00:47:11.263   480  4020 D android.hardware.audio@7.1-impl.ranchu: 544 frames of silence written
06-24 00:47:11.274   480  4020 D android.hardware.audio@7.1-impl.ranchu: 544 frames of silence written
06-24 00:47:11.278   707  1878 W ApplicationInfo: Large ApplicationInfo parcel: size=17708 package=com.google.android.googlequicksearchbox sharedLibs=3 resDirs=2 overlayPaths=2
06-24 00:47:11.279   707  1878 W ApplicationInfo: Large ApplicationInfo parcel: size=17708 package=com.google.android.googlequicksearchbox sharedLibs=3 resDirs=2 overlayPaths=2
06-24 00:47:11.279   707  1878 W ApplicationInfo: Large ApplicationInfo parcel: size=17708 package=com.google.android.googlequicksearchbox sharedLibs=3 resDirs=2 overlayPaths=2
06-24 00:47:11.282   707  1878 W ApplicationInfo: Large ApplicationInfo parcel: size=17708 package=com.google.android.googlequicksearchbox sharedLibs=3 resDirs=2 overlayPaths=2
06-24 00:47:11.285   480  4020 D android.hardware.audio@7.1-impl.ranchu: 544 frames of silence written
06-24 00:47:11.297   480  4020 D android.hardware.audio@7.1-impl.ranchu: 544 frames of silence written
06-24 00:47:11.304   707  1964 W ActivityTaskManager: Permission Denial: registerTaskStackListener() from pid=4900, uid=10228 requires android.permission.MANAGE_ACTIVITY_TASKS
06-24 00:47:11.308   480  4020 D android.hardware.audio@7.1-impl.ranchu: 544 frames of silence written
06-24 00:47:11.309  4900  4900 W TaskStackChangeListeners: Failed to call registerTaskStackListener
06-24 00:47:11.309  4900  4900 W TaskStackChangeListeners: java.lang.SecurityException: Permission Denial: registerTaskStackListener() from pid=4900, uid=10228 requires android.permission.MANAGE_ACTIVITY_TASKS
06-24 00:47:11.309  4900  4900 W TaskStackChangeListeners: 	at android.os.Parcel.createExceptionOrNull(Parcel.java:3392)
06-24 00:47:11.309  4900  4900 W TaskStackChangeListeners: 	at android.os.Parcel.createException(Parcel.java:3376)
06-24 00:47:11.309  4900  4900 W TaskStackChangeListeners: 	at android.os.Parcel.readException(Parcel.java:3359)
06-24 00:47:11.309  4900  4900 W TaskStackChangeListeners: 	at android.os.Parcel.readException(Parcel.java:3301)
06-24 00:47:11.309  4900  4900 W TaskStackChangeListeners: 	at android.app.IActivityTaskManager$Stub$Proxy.registerTaskStackListener(IActivityTaskManager.java:3052)
06-24 00:47:11.309  4900  4900 W TaskStackChangeListeners: 	at com.android.systemui.shared.system.TaskStackChangeListeners$Impl.addListener(r8-map-id-b54e3f57ee65fce11a8aefbace76aa727d80c828173090b24bc6d6ebfb3ef4a7:23)
06-24 00:47:11.309  4900  4900 W TaskStackChangeListeners: 	at com.android.systemui.shared.system.TaskStackChangeListeners.registerTaskStackListener(r8-map-id-b54e3f57ee65fce11a8aefbace76aa727d80c828173090b24bc6d6ebfb3ef4a7:6)
06-24 00:47:11.309  4900  4900 W TaskStackChangeListeners: 	at com.android.quickstep.TopTaskTracker.<init>(r8-map-id-b54e3f57ee65fce11a8aefbace76aa727d80c828173090b24bc6d6ebfb3ef4a7:40)
06-24 00:47:11.309  4900  4900 W TaskStackChangeListeners: 	at com.android.quickstep.TopTaskTracker.I0(r8-map-id-b54e3f57ee65fce11a8aefbace76aa727d80c828173090b24bc6d6ebfb3ef4a7:3)
06-24 00:47:11.309  4900  4900 W TaskStackChangeListeners: 	at com.android.quickstep.a8.get(r8-map-id-b54e3f57ee65fce11a8aefbace76aa727d80c828173090b24bc6d6ebfb3ef4a7:1)
06-24 00:47:11.309  4900  4900 W TaskStackChangeListeners: 	at com.android.launcher3.util.MainThreadInitializedObject.lambda$get$0(r8-map-id-b54e3f57ee65fce11a8aefbace76aa727d80c828173090b24bc6d6ebfb3ef4a7:3)
06-24 00:47:11.309  4900  4900 W TaskStackChangeListeners: 	at com.android.launcher3.util.MainThreadInitializedObject.c(r8-map-id-b54e3f57ee65fce11a8aefbace76aa727d80c828173090b24bc6d6ebfb3ef4a7:1)
06-24 00:47:11.309  4900  4900 W TaskStackChangeListeners: 	at com.android.launcher3.util.q0.get(r8-map-id-b54e3f57ee65fce11a8aefbace76aa727d80c828173090b24bc6d6ebfb3ef4a7:5)
06-24 00:47:11.309  4900  4900 W TaskStackChangeListeners: 	at com.android.launcher3.util.TraceHelper.allowIpcs(r8-map-id-b54e3f57ee65fce11a8aefbace76aa727d80c828173090b24bc6d6ebfb3ef4a7:7)
06-24 00:47:11.309  4900  4900 W TaskStackChangeListeners: 	at com.android.launcher3.util.MainThreadInitializedObject.get(r8-map-id-b54e3f57ee65fce11a8aefbace76aa727d80c828173090b24bc6d6ebfb3ef4a7:37)
06-24 00:47:11.309  4900  4900 W TaskStackChangeListeners: 	at com.android.quickstep.RecentsModel.<init>(r8-map-id-b54e3f57ee65fce11a8aefbace76aa727d80c828173090b24bc6d6ebfb3ef4a7:70)
06-24 00:47:11.309  4900  4900 W TaskStackChangeListeners: 	at com.android.quickstep.RecentsModel.<init>(r8-map-id-b54e3f57ee65fce11a8aefbace76aa727d80c828173090b24bc6d6ebfb3ef4a7:73)
06-24 00:47:11.309  4900  4900 W TaskStackChangeListeners: 	at com.android.quickstep.RecentsModel.c(r8-map-id-b54e3f57ee65fce11a8aefbace76aa727d80c828173090b24bc6d6ebfb3ef4a7:3)
06-24 00:47:11.309  4900  4900 W TaskStackChangeListeners: 	at com.android.quickstep.k5.get(r8-map-id-b54e3f57ee65fce11a8aefbace76aa727d80c828173090b24bc6d6ebfb3ef4a7:1)
06-24 00:47:11.309  4900  4900 W TaskStackChangeListeners: 	at com.android.launcher3.util.MainThreadInitializedObject.lambda$get$0(r8-map-id-b54e3f57ee65fce11a8aefbace76aa727d80c828173090b24bc6d6ebfb3ef4a7:3)
06-24 00:47:11.309  4900  4900 W TaskStackChangeListeners: 	at com.android.launcher3.util.MainThreadInitializedObject.c(r8-map-id-b54e3f57ee65fce11a8aefbace76aa727d80c828173090b24bc6d6ebfb3ef4a7:1)
06-24 00:47:11.309  4900  4900 W TaskStackChangeListeners: 	at com.android.launcher3.util.q0.get(r8-map-id-b54e3f57ee65fce11a8aefbace76aa727d80c828173090b24bc6d6ebfb3ef4a7:5)
06-24 00:47:11.309  4900  4900 W TaskStackChangeListeners: 	at com.android.launcher3.util.TraceHelper.allowIpcs(r8-map-id-b54e3f57ee65fce11a8aefbace76aa727d80c828173090b24bc6d6ebfb3ef4a7:7)
06-24 00:47:11.309  4900  4900 W TaskStackChangeListeners: 	at com.android.launcher3.util.MainThreadInitializedObject.get(r8-map-id-b54e3f57ee65fce11a8aefbace76aa727d80c828173090b24bc6d6ebfb3ef4a7:37)
06-24 00:47:11.309  4900  4900 W TaskStackChangeListeners: 	at com.android.quickstep.views.RecentsView.<init>(r8-map-id-b54e3f57ee65fce11a8aefbace76aa727d80c828173090b24bc6d6ebfb3ef4a7:287)
06-24 00:47:11.309  4900  4900 W TaskStackChangeListeners: 	at com.android.quickstep.views.LauncherRecentsView.<init>(r8-map-id-b54e3f57ee65fce11a8aefbace76aa727d80c828173090b24bc6d6ebfb3ef4a7:3)
06-24 00:47:11.309  4900  4900 W TaskStackChangeListeners: 	at com.android.quickstep.views.LauncherRecentsView.<init>(r8-map-id-b54e3f57ee65fce11a8aefbace76aa727d80c828173090b24bc6d6ebfb3ef4a7:14)
06-24 00:47:11.309  4900  4900 W TaskStackChangeListeners: 	at java.lang.reflect.Constructor.newInstance0(Native Method)
06-24 00:47:11.309  4900  4900 W TaskStackChangeListeners: 	at java.lang.reflect.Constructor.newInstance(Constructor.java:343)
06-24 00:47:11.309  4900  4900 W TaskStackChangeListeners: 	at android.view.LayoutInflater.createView(LayoutInflater.java:743)
06-24 00:47:11.309  4900  4900 W TaskStackChangeListeners: 	at android.view.LayoutInflater.createViewFromTag(LayoutInflater.java:895)
06-24 00:47:11.309  4900  4900 W TaskStackChangeListeners: 	at android.view.LayoutInflater.createViewFromTag(LayoutInflater.java:850)
06-24 00:47:11.309  4900  4900 W TaskStackChangeListeners: 	at android.view.LayoutInflater.rInflate(LayoutInflater.java:1012)
06-24 00:47:11.309  4900  4900 W TaskStackChangeListeners: 	at android.view.LayoutInflater.parseInclude(LayoutInflater.java:1117)
06-24 00:47:11.309  4900  4900 W TaskStackChangeListeners: 	at android.view.LayoutInflater.rInflate(LayoutInflater.java:1008)
06-24 00:47:11.309  4900  4900 W TaskStackChangeListeners: 	at android.view.LayoutInflater.rInflateChildren(LayoutInflater.java:973)
06-24 00:47:11.309  4900  4900 W TaskStackChangeListeners: 	at android.view.LayoutInflater.rInflate(LayoutInflater.java:1016)
06-24 00:47:11.309  4900  4900 W TaskStackChangeListeners: 	at android.view.LayoutInflater.rInflateChildren(LayoutInflater.java:973)
06-24 00:47:11.309  4900  4900 W TaskStackChangeListeners: 	at android.view.LayoutInflater.inflate(LayoutInflater.java:571)
06-24 00:47:11.309  4900  4900 W TaskStackChangeListeners: 	at android.view.LayoutInflater.inflate(LayoutInflater.java:462)
06-24 00:47:11.309  4900  4900 W TaskStackChangeListeners: 	at android.view.LayoutInflater.inflate(LayoutInflater.java:413)
06-24 00:47:11.309  4900  4900 W TaskStackChangeListeners: 	at com.android.launcher3.statemanager.StatefulActivity.inflateRootView(r8-map-id-b54e3f57ee65fce11a8aefbace76aa727d80c828173090b24bc6d6ebfb3ef4a7:6)
06-24 00:47:11.309  4900  4900 W TaskStackChangeListeners: 	at com.android.launcher3.Launcher.setupViews(r8-map-id-b54e3f57ee65fce11a8aefbace76aa727d80c828173090b24bc6d6ebfb3ef4a7:10)
06-24 00:47:11.309  4900  4900 W TaskStackChangeListeners: 	at com.android.launcher3.uioverrides.QuickstepLauncher.setupViews(r8-map-id-b54e3f57ee65fce11a8aefbace76aa727d80c828173090b24bc6d6ebfb3ef4a7:1)
06-24 00:47:11.309  4900  4900 W TaskStackChangeListeners: 	at com.android.launcher3.Launcher.onCreate(r8-map-id-b54e3f57ee65fce11a8aefbace76aa727d80c828173090b24bc6d6ebfb3ef4a7:220)
06-24 00:47:11.309  4900  4900 W TaskStackChangeListeners: 	at com.android.launcher3.uioverrides.QuickstepLauncher.onCreate(r8-map-id-b54e3f57ee65fce11a8aefbace76aa727d80c828173090b24bc6d6ebfb3ef4a7:19)
06-24 00:47:11.309  4900  4900 W TaskStackChangeListeners: 	at app.lawnchair.LawnchairLauncher.onCreate(r8-map-id-b54e3f57ee65fce11a8aefbace76aa727d80c828173090b24bc6d6ebfb3ef4a7:33)
06-24 00:47:11.309  4900  4900 W TaskStackChangeListeners: 	at android.app.Activity.performCreate(Activity.java:9340)
06-24 00:47:11.309  4900  4900 W TaskStackChangeListeners: 	at android.app.Activity.performCreate(Activity.java:9318)
06-24 00:47:11.309  4900  4900 W TaskStackChangeListeners: 	at android.app.Instrumentation.callActivityOnCreate(Instrumentation.java:1543)
06-24 00:47:11.309  4900  4900 W TaskStackChangeListeners: 	at android.app.ActivityThread.performLaunchActivity(ActivityThread.java:4559)
06-24 00:47:11.309  4900  4900 W TaskStackChangeListeners: 	at android.app.ActivityThread.handleLaunchActivity(ActivityThread.java:4781)
06-24 00:47:11.309  4900  4900 W TaskStackChangeListeners: 	at android.app.servertransaction.LaunchActivityItem.execute(LaunchActivityItem.java:224)
06-24 00:47:11.309  4900  4900 W TaskStackChangeListeners: 	at android.app.servertransaction.TransactionExecutor.executeNonLifecycleItem(TransactionExecutor.java:133)
06-24 00:47:11.309  4900  4900 W TaskStackChangeListeners: 	at android.app.servertransaction.TransactionExecutor.executeTransactionItems(TransactionExecutor.java:103)
06-24 00:47:11.309  4900  4900 W TaskStackChangeListeners: 	at android.app.servertransaction.TransactionExecutor.execute(TransactionExecutor.java:80)
06-24 00:47:11.309  4900  4900 W TaskStackChangeListeners: 	at android.app.ActivityThread$H.handleMessage(ActivityThread.java:3032)
06-24 00:47:11.309  4900  4900 W TaskStackChangeListeners: 	at android.os.Handler.dispatchMessageImpl(Handler.java:142)
06-24 00:47:11.309  4900  4900 W TaskStackChangeListeners: 	at android.os.Handler.dispatchMessage(Handler.java:125)
06-24 00:47:11.309  4900  4900 W TaskStackChangeListeners: 	at android.os.Looper.loopOnce(Looper.java:296)
06-24 00:47:11.309  4900  4900 W TaskStackChangeListeners: 	at android.os.Looper.loop(Looper.java:397)
06-24 00:47:11.309  4900  4900 W TaskStackChangeListeners: 	at android.app.ActivityThread.main(ActivityThread.java:9523)
06-24 00:47:11.309  4900  4900 W TaskStackChangeListeners: 	at java.lang.reflect.Method.invoke(Native Method)
06-24 00:47:11.309  4900  4900 W TaskStackChangeListeners: 	at com.android.internal.os.RuntimeInit$MethodAndArgsCaller.run(RuntimeInit.java:575)
06-24 00:47:11.309  4900  4900 W TaskStackChangeListeners: 	at com.android.internal.os.ZygoteInit.main(ZygoteInit.java:939)
06-24 00:47:11.309  4900  4900 W TaskStackChangeListeners: Caused by: android.os.RemoteException: Remote stack trace:
06-24 00:47:11.309  4900  4900 W TaskStackChangeListeners: 	at com.android.server.wm.Session$$ExternalSyntheticBUOutline1.m(R8$$SyntheticClass:0)
06-24 00:47:11.309  4900  4900 W TaskStackChangeListeners: 	at com.android.server.wm.ActivityTaskManagerService.enforceTaskPermission(ActivityTaskManagerService.java:3775)
06-24 00:47:11.309  4900  4900 W TaskStackChangeListeners: 	at com.android.server.wm.ActivityTaskManagerService.registerTaskStackListener(ActivityTaskManagerService.java:3516)
06-24 00:47:11.309  4900  4900 W TaskStackChangeListeners: 	at android.app.IActivityTaskManager$Stub.onTransact(IActivityTaskManager.java:1604)
06-24 00:47:11.309  4900  4900 W TaskStackChangeListeners: 	at com.android.server.wm.ActivityTaskManagerService.onTransact(ActivityTaskManagerService.java:6421)
06-24 00:47:11.309  4900  4900 W TaskStackChangeListeners: 
06-24 00:47:11.323   480  4020 D android.hardware.audio@7.1-impl.ranchu: 544 frames of silence written
06-24 00:47:11.326  4900  4900 E ThemeUtils: View class app.lawnchair.views.CustomButton is an AppCompat widget that can only be used with a Theme.AppCompat theme (or descendant).
06-24 00:47:11.330  4900  4900 E ThemeUtils: View class app.lawnchair.views.CustomButton is an AppCompat widget that can only be used with a Theme.AppCompat theme (or descendant).
06-24 00:47:11.332   480  4020 D android.hardware.audio@7.1-impl.ranchu: 544 frames of silence written
06-24 00:47:11.338  4900  4900 E ThemeUtils: View class app.lawnchair.views.CustomButton is an AppCompat widget that can only be used with a Theme.AppCompat theme (or descendant).
06-24 00:47:11.340  4900  4900 E ThemeUtils: View class app.lawnchair.views.CustomButton is an AppCompat widget that can only be used with a Theme.AppCompat theme (or descendant).
06-24 00:47:11.343   480  4020 D android.hardware.audio@7.1-impl.ranchu: 544 frames of silence written
06-24 00:47:11.346  4900  4900 E ThemeUtils: View class app.lawnchair.views.CustomButton is an AppCompat widget that can only be used with a Theme.AppCompat theme (or descendant).
06-24 00:47:11.349  4900  4900 E ThemeUtils: View class app.lawnchair.views.CustomButton is an AppCompat widget that can only be used with a Theme.AppCompat theme (or descendant).
06-24 00:47:11.353   480  4020 D android.hardware.audio@7.1-impl.ranchu: 544 frames of silence written
06-24 00:47:11.365   480  4020 D android.hardware.audio@7.1-impl.ranchu: 544 frames of silence written
06-24 00:47:11.376   480  4020 D android.hardware.audio@7.1-impl.ranchu: 544 frames of silence written
06-24 00:47:11.389   480  4020 D android.hardware.audio@7.1-impl.ranchu: 544 frames of silence written
06-24 00:47:11.398  4900  4900 D CompatChangeReporter: Compat change id reported: 303326708; UID 10228; state: ENABLED
06-24 00:47:11.399   480  4020 D android.hardware.audio@7.1-impl.ranchu: 544 frames of silence written
06-24 00:47:11.405  1624  1770 V DatabaseBackupAndRecovery: Backed up next generation number 346687 for volume external_primary
06-24 00:47:11.409   480  4020 D android.hardware.audio@7.1-impl.ranchu: 544 frames of silence written
06-24 00:47:11.421   480  4020 D android.hardware.audio@7.1-impl.ranchu: 544 frames of silence written
06-24 00:47:11.432   480  4020 D android.hardware.audio@7.1-impl.ranchu: 544 frames of silence written
06-24 00:47:11.438   707  1964 W ActivityTaskManager: Permission Denial: registerTaskStackListener() from pid=4900, uid=10228 requires android.permission.MANAGE_ACTIVITY_TASKS
06-24 00:47:11.439  4900  4900 W TaskStackChangeListeners: Failed to call registerTaskStackListener
06-24 00:47:11.439  4900  4900 W TaskStackChangeListeners: java.lang.SecurityException: Permission Denial: registerTaskStackListener() from pid=4900, uid=10228 requires android.permission.MANAGE_ACTIVITY_TASKS
06-24 00:47:11.439  4900  4900 W TaskStackChangeListeners: 	at android.os.Parcel.createExceptionOrNull(Parcel.java:3392)
06-24 00:47:11.439  4900  4900 W TaskStackChangeListeners: 	at android.os.Parcel.createException(Parcel.java:3376)
06-24 00:47:11.439  4900  4900 W TaskStackChangeListeners: 	at android.os.Parcel.readException(Parcel.java:3359)
06-24 00:47:11.439  4900  4900 W TaskStackChangeListeners: 	at android.os.Parcel.readException(Parcel.java:3301)
06-24 00:47:11.439  4900  4900 W TaskStackChangeListeners: 	at android.app.IActivityTaskManager$Stub$Proxy.registerTaskStackListener(IActivityTaskManager.java:3052)
06-24 00:47:11.439  4900  4900 W TaskStackChangeListeners: 	at com.android.systemui.shared.system.TaskStackChangeListeners$Impl.addListener(r8-map-id-b54e3f57ee65fce11a8aefbace76aa727d80c828173090b24bc6d6ebfb3ef4a7:23)
06-24 00:47:11.439  4900  4900 W TaskStackChangeListeners: 	at com.android.systemui.shared.system.TaskStackChangeListeners.registerTaskStackListener(r8-map-id-b54e3f57ee65fce11a8aefbace76aa727d80c828173090b24bc6d6ebfb3ef4a7:6)
06-24 00:47:11.439  4900  4900 W TaskStackChangeListeners: 	at com.android.quickstep.RecentsAnimationDeviceState.<init>(r8-map-id-b54e3f57ee65fce11a8aefbace76aa727d80c828173090b24bc6d6ebfb3ef4a7:315)
