06-24 00:47:14.700   480  4020 D android.hardware.audio@7.1-impl.ranchu: 544 frames of silence written
06-24 00:47:14.710   480  4020 D android.hardware.audio@7.1-impl.ranchu: 544 frames of silence written
06-24 00:47:14.715   707  1878 D WindowManager: setClientSurface Surface(name=VRI-com.kian.perficon/com.kian.perficon.MainActivity#201)/@0x120451e for aa3f0e5 com.kian.perficon/com.kian.perficon.MainActivity
06-24 00:47:14.721   480  4020 D android.hardware.audio@7.1-impl.ranchu: 544 frames of silence written
06-24 00:47:14.722  4916  4916 I Surface : Creating surface for consumer unnamed-4916-0 with slotExpansion=1 for 64 slots
06-24 00:47:14.723  4916  4916 I Surface : Creating surface for consumer VRI[MainActivity]#0(BLAST Consumer)0 with slotExpansion=1 for 64 slots
06-24 00:47:14.787   480  4020 D android.hardware.audio@7.1-impl.ranchu: 544 frames of silence written
06-24 00:47:14.787   480  4020 D android.hardware.audio@7.1-impl.ranchu: 544 frames of silence written
06-24 00:47:14.788   480  4020 D android.hardware.audio@7.1-impl.ranchu: 544 frames of silence written
06-24 00:47:14.788   480  4020 D android.hardware.audio@7.1-impl.ranchu: 544 frames of silence written
06-24 00:47:14.834   480  4020 D android.hardware.audio@7.1-impl.ranchu: 544 frames of silence written
06-24 00:47:14.834   480  4020 D android.hardware.audio@7.1-impl.ranchu: 544 frames of silence written
06-24 00:47:14.834   480  4020 D android.hardware.audio@7.1-impl.ranchu: 544 frames of silence written
06-24 00:47:14.834   480  4020 D android.hardware.audio@7.1-impl.ranchu: 544 frames of silence written
06-24 00:47:14.845   480  4020 D android.hardware.audio@7.1-impl.ranchu: 544 frames of silence written
06-24 00:47:14.857   480  4020 D android.hardware.audio@7.1-impl.ranchu: 544 frames of silence written
06-24 00:47:14.867   480  4020 D android.hardware.audio@7.1-impl.ranchu: 544 frames of silence written
06-24 00:47:14.880   480  4020 D android.hardware.audio@7.1-impl.ranchu: 544 frames of silence written
06-24 00:47:14.890   480  4020 D android.hardware.audio@7.1-impl.ranchu: 544 frames of silence written
06-24 00:47:14.901   480  4020 D android.hardware.audio@7.1-impl.ranchu: 544 frames of silence written
06-24 00:47:14.912   480  4020 D android.hardware.audio@7.1-impl.ranchu: 544 frames of silence written
06-24 00:47:14.924   480  4020 D android.hardware.audio@7.1-impl.ranchu: 544 frames of silence written
06-24 00:47:14.935   480  4020 D android.hardware.audio@7.1-impl.ranchu: 544 frames of silence written
06-24 00:47:14.947   480  4020 D android.hardware.audio@7.1-impl.ranchu: 544 frames of silence written
06-24 00:47:14.958   480  4020 D android.hardware.audio@7.1-impl.ranchu: 544 frames of silence written
06-24 00:47:14.971   480  4020 D android.hardware.audio@7.1-impl.ranchu: 544 frames of silence written
06-24 00:47:14.981   480  4020 D android.hardware.audio@7.1-impl.ranchu: 544 frames of silence written
06-24 00:47:14.991   707   737 I ActivityTaskManager: Displayed com.kian.perficon/.MainActivity for user 0: +4s667ms
06-24 00:47:14.994   480  4020 D android.hardware.audio@7.1-impl.ranchu: 544 frames of silence written
06-24 00:47:15.008   480  4020 D android.hardware.audio@7.1-impl.ranchu: 544 frames of silence written
06-24 00:47:15.018  4916  4940 I HWUI    : Davey! duration=2585ms; Flags=1, FrameTimelineVsyncId=17089, IntendedVsync=222158031686, Vsync=222158031686, InputEventId=0, HandleInputStart=222159368700, AnimationStart=222159389800, PerformTraversalsStart=222159446700, DrawStart=224541335900, FrameDeadline=222174698352, FrameStartTime=222159344400, FrameInterval=16666666, WorkloadTarget=16666666, AnimationTime=222158031686, SyncQueued=224672920300, SyncStart=224675047300, IssueDrawCommandsStart=224676155000, SwapBuffers=224725417700, FrameCompleted=224745379600, DequeueBufferDuration=20700, QueueBufferDuration=16740500, GpuCompleted=224745054200, SwapBuffersCompleted=224745379600, DisplayPresentTime=0, CommandSubmissionCompleted=224725417700, 
06-24 00:47:15.019  1343  2543 I FontLog : (REDACTED) Received query %s, URI %s
06-24 00:47:15.019  1343  2543 I FontLog : (REDACTED) Query [%s] resolved to %s
06-24 00:47:15.028  1343  2543 I FontLog : (REDACTED) Fetch %s end status %s
06-24 00:47:15.029   480  4020 D android.hardware.audio@7.1-impl.ranchu: 544 frames of silence written
06-24 00:47:15.029   480  4020 D android.hardware.audio@7.1-impl.ranchu: 544 frames of silence written
06-24 00:47:15.037   480  4020 D android.hardware.audio@7.1-impl.ranchu: 544 frames of silence written
06-24 00:47:15.041  1343  2543 I FontLog : (REDACTED) Pulling font file for id = %d, cache size = %d
06-24 00:47:15.049   480  4020 D android.hardware.audio@7.1-impl.ranchu: 544 frames of silence written
06-24 00:47:15.060   480  4020 D android.hardware.audio@7.1-impl.ranchu: 544 frames of silence written
06-24 00:47:15.071   480  4020 D android.hardware.audio@7.1-impl.ranchu: 544 frames of silence written
06-24 00:47:15.080  1343  2543 I FontLog : (REDACTED) Pulling font file for id = %d, cache size = %d
06-24 00:47:15.080  4916  4916 I Choreographer: Skipped 132 frames!  The application may be doing too much work on its main thread.
06-24 00:47:15.085   480  4020 D android.hardware.audio@7.1-impl.ranchu: 544 frames of silence written
06-24 00:47:15.102   480  4020 D android.hardware.audio@7.1-impl.ranchu: 544 frames of silence written
06-24 00:47:15.104   707   857 I ImeTracker: com.kian.perficon:81aa012f: onRequestHide at ORIGIN_SERVER reason HIDE_UNSPECIFIED_WINDOW fromUser false userId 0 displayId 0
06-24 00:47:15.105   480  4020 D android.hardware.audio@7.1-impl.ranchu: 544 frames of silence written
06-24 00:47:15.119  3509  3509 I GoogleInputMethodService: GoogleInputMethodService.onFinishInput():2159 
06-24 00:47:15.119   480  4020 D android.hardware.audio@7.1-impl.ranchu: 544 frames of silence written
06-24 00:47:15.120   707   871 W InputChannel-JNI: Channel already disposed.
06-24 00:47:15.121  3509  3509 I Module  : DeviceLockedStatusModuleProvider$Module.updateDeviceLockedStatus():103 repeatCheckTimes = 0, locked = false
06-24 00:47:15.121  4916  4916 D InsetsController: hide(ime())
06-24 00:47:15.122  3509  3509 I GoogleInputMethodService: GoogleInputMethodService.onStartInput():1434 onStartInput(EditorInfo{EditorInfo{packageName=com.kian.perficon, inputType=0, inputTypeString=NULL, enableLearning=false, autoCorrection=false, autoComplete=false, imeOptions=0, privateImeOptions=null, actionName=UNSPECIFIED, actionLabel=null, initialSelStart=-1, initialSelEnd=-1, initialCapsMode=0, label=null, fieldId=0, fieldName=null, extras=null, hintText=null, hintLocales=[]}}, false)
06-24 00:47:15.122   707  1175 I ImeTracker: system_server:a8102eda: onRequestHide at ORIGIN_SERVER reason IME_REQUESTED_CHANGED_LISTENER fromUser false displayId 0
06-24 00:47:15.122  3509  3509 W AndroidIME: LatinIMEBase.updateInputViewCoverNavigation():317 Null input view, cannot update padding!
06-24 00:47:15.125   707   740 I ImeTracker: system_server:a8102eda: onCancelled at PHASE_SERVER_SHOULD_HIDE
06-24 00:47:15.126  3509  3509 I Module  : DeviceLockedStatusModuleProvider$Module.updateDeviceLockedStatus():103 repeatCheckTimes = 1, locked = false
06-24 00:47:15.128  4916  4916 I ImeTracker: com.kian.perficon:81aa012f: onCancelled at PHASE_CLIENT_ALREADY_HIDDEN
06-24 00:47:15.129   480  4020 D android.hardware.audio@7.1-impl.ranchu: 544 frames of silence written
06-24 00:47:15.139   707  1175 W PackageConfigPersister: App-specific configuration not found for packageName: com.kian.perficon and userId: 0
06-24 00:47:15.140   480  4020 D android.hardware.audio@7.1-impl.ranchu: 544 frames of silence written
06-24 00:47:15.154   480  4020 D android.hardware.audio@7.1-impl.ranchu: 544 frames of silence written
06-24 00:47:15.163   480  4020 D android.hardware.audio@7.1-impl.ranchu: 544 frames of silence written
06-24 00:47:15.173   480  4020 D android.hardware.audio@7.1-impl.ranchu: 544 frames of silence written
06-24 00:47:15.186   480  4020 D android.hardware.audio@7.1-impl.ranchu: 544 frames of silence written
06-24 00:47:15.194  1624  1770 V DatabaseBackupAndRecovery: Backed up next generation number 348693 for volume external_primary
06-24 00:47:15.197   480  4020 D android.hardware.audio@7.1-impl.ranchu: 544 frames of silence written
06-24 00:47:15.208   480  4020 D android.hardware.audio@7.1-impl.ranchu: 544 frames of silence written
06-24 00:47:15.220   480  4020 D android.hardware.audio@7.1-impl.ranchu: 544 frames of silence written
06-24 00:47:15.230   480  4020 D android.hardware.audio@7.1-impl.ranchu: 544 frames of silence written
06-24 00:47:15.243   480  4020 D android.hardware.audio@7.1-impl.ranchu: 544 frames of silence written
06-24 00:47:15.253   480  4020 D android.hardware.audio@7.1-impl.ranchu: 544 frames of silence written
06-24 00:47:15.269   480  4020 D android.hardware.audio@7.1-impl.ranchu: 544 frames of silence written
06-24 00:47:15.276   480  4020 D android.hardware.audio@7.1-impl.ranchu: 544 frames of silence written
06-24 00:47:15.289   480  4020 D android.hardware.audio@7.1-impl.ranchu: 544 frames of silence written
06-24 00:47:15.305   480  4020 D android.hardware.audio@7.1-impl.ranchu: 544 frames of silence written
06-24 00:47:15.310   480  4020 D android.hardware.audio@7.1-impl.ranchu: 544 frames of silence written
06-24 00:47:15.323   480  4020 D android.hardware.audio@7.1-impl.ranchu: 544 frames of silence written
06-24 00:47:15.340   480  4020 D android.hardware.audio@7.1-impl.ranchu: 544 frames of silence written
06-24 00:47:15.345   480  4020 D android.hardware.audio@7.1-impl.ranchu: 544 frames of silence written
06-24 00:47:15.356   480  4020 D android.hardware.audio@7.1-impl.ranchu: 544 frames of silence written
06-24 00:47:15.375   480  4020 D android.hardware.audio@7.1-impl.ranchu: 544 frames of silence written
06-24 00:47:15.376  1624  1633 W FuseDaemon: Suspending all threads took: 5.572ms
06-24 00:47:15.380   480  4020 D android.hardware.audio@7.1-impl.ranchu: 544 frames of silence written
06-24 00:47:15.393   480  4020 D android.hardware.audio@7.1-impl.ranchu: 544 frames of silence written
06-24 00:47:15.410   480  4020 D android.hardware.audio@7.1-impl.ranchu: 544 frames of silence written
06-24 00:47:15.412   480  4020 D android.hardware.audio@7.1-impl.ranchu: 544 frames of silence written
06-24 00:47:15.424   480  4020 D android.hardware.audio@7.1-impl.ranchu: 544 frames of silence written
06-24 00:47:15.448   480  4020 D android.hardware.audio@7.1-impl.ranchu: 544 frames of silence written
06-24 00:47:15.448   480  4020 D android.hardware.audio@7.1-impl.ranchu: 544 frames of silence written
06-24 00:47:15.455   543   543 I adbd    : adbd service requested 'shell,v2:export ANDROID_LOG_TAGS=''; exec logcat '-d''
06-24 00:47:15.459   480  4020 D android.hardware.audio@7.1-impl.ranchu: 544 frames of silence written
06-24 00:47:15.469   480  4020 D android.hardware.audio@7.1-impl.ranchu: 544 frames of silence written
06-24 00:47:15.480   480  4020 D android.hardware.audio@7.1-impl.ranchu: 544 frames of silence written
06-24 00:47:15.484   707  1878 D OomAdjuster: Not killing cached processes
06-24 00:47:15.494   480  4020 D android.hardware.audio@7.1-impl.ranchu: 544 frames of silence written
06-24 00:47:15.502   480  4020 D android.hardware.audio@7.1-impl.ranchu: 544 frames of silence written
06-24 00:47:15.515   480  4020 D android.hardware.audio@7.1-impl.ranchu: 544 frames of silence written
06-24 00:47:15.517  1624  1624 D WM-DelayedWorkTracker: Scheduling work f92178c6-7630-4478-98fd-4c505e83436f
06-24 00:47:15.517  1624  1624 D WM-GreedyScheduler: Starting tracking for f92178c6-7630-4478-98fd-4c505e83436f
06-24 00:47:15.521  1624  2043 D WM-ConstraintTracker: BatteryNotLowTracker: initial state = true
