06-24 00:47:12.465   532   562 W skia    : AGTM parsing failed flags.readFromStream(s) at 159
06-24 00:47:12.465   532   562 W skia    : AGTM parsing failed flags.readFromStream(s) at 159
06-24 00:47:12.465   532   562 W skia    : AGTM parsing failed flags.readFromStream(s) at 159
06-24 00:47:12.465   532   562 W skia    : AGTM parsing failed flags.readFromStream(s) at 159
06-24 00:47:12.465   532   562 W skia    : AGTM parsing failed flags.readFromStream(s) at 159
06-24 00:47:12.465   532   562 W skia    : AGTM parsing failed flags.readFromStream(s) at 159
06-24 00:47:12.468   480  4020 D android.hardware.audio@7.1-impl.ranchu: 544 frames of silence written
06-24 00:47:12.468  1624  1826 D WM-GreedyScheduler: Cancelling work ID def2911f-e550-45b9-8702-9b3891a8a3f6
06-24 00:47:12.470  1624  1826 D WM-GreedyScheduler: Ignoring {WorkSpec: 8beebb5c-7dd4-4458-92d0-8123757d330f}. Requires device idle.
06-24 00:47:12.470  1624  1826 D WM-GreedyScheduler: Ignoring {WorkSpec: b3c13ac1-3242-4b6f-a7b8-2b3376cca7ac}. Requires device idle.
06-24 00:47:12.470  1624  1826 D WM-GreedyScheduler: Ignoring {WorkSpec: 744ff3f3-7821-413e-a749-c2174eb7a6dd}. Requires device idle.
06-24 00:47:12.470  1624  1826 D WM-BrdcstRcvrCnstrntTrc: BatteryNotLowTracker: unregistering receiver
06-24 00:47:12.477  1624  2043 D WM-SystemJobScheduler: Scheduling work ID 917432fb-7aee-4149-87f3-a18d9def17e2Job ID 834
06-24 00:47:12.477   480  4020 D android.hardware.audio@7.1-impl.ranchu: 544 frames of silence written
06-24 00:47:12.482   532   562 W skia    : AGTM parsing failed flags.readFromStream(s) at 159
06-24 00:47:12.482   532   562 W skia    : AGTM parsing failed flags.readFromStream(s) at 159
06-24 00:47:12.482   532   562 W skia    : AGTM parsing failed flags.readFromStream(s) at 159
06-24 00:47:12.482   532   562 W skia    : AGTM parsing failed flags.readFromStream(s) at 159
06-24 00:47:12.482   532   562 W skia    : AGTM parsing failed flags.readFromStream(s) at 159
06-24 00:47:12.482   532   562 W skia    : AGTM parsing failed flags.readFromStream(s) at 159
06-24 00:47:12.482  1624  2043 D WM-GreedyScheduler: Ignoring {WorkSpec: 8beebb5c-7dd4-4458-92d0-8123757d330f}. Requires device idle.
06-24 00:47:12.482  1624  2043 D WM-GreedyScheduler: Ignoring {WorkSpec: b3c13ac1-3242-4b6f-a7b8-2b3376cca7ac}. Requires device idle.
06-24 00:47:12.482  1624  2043 D WM-GreedyScheduler: Ignoring {WorkSpec: 744ff3f3-7821-413e-a749-c2174eb7a6dd}. Requires device idle.
06-24 00:47:12.488   480  4020 D android.hardware.audio@7.1-impl.ranchu: 544 frames of silence written
06-24 00:47:12.489  4900  4938 I Launcher.IconCache: Database bulk icon loading failed, using fallback bulk icon loading for: ComponentInfo{com.nurke.perfectoneImported/com.kian.perficontemplate.MainActivity}
06-24 00:47:12.495  4900  4938 I Launcher.IconCache: Database bulk icon loading failed, using fallback bulk icon loading for: ComponentInfo{com.google.android.contacts/com.android.contacts.activities.PeopleActivity}
06-24 00:47:12.498   532   562 W skia    : AGTM parsing failed flags.readFromStream(s) at 159
06-24 00:47:12.499   532   562 W skia    : AGTM parsing failed flags.readFromStream(s) at 159
06-24 00:47:12.499   532   562 W skia    : AGTM parsing failed flags.readFromStream(s) at 159
06-24 00:47:12.499   532   562 W skia    : AGTM parsing failed flags.readFromStream(s) at 159
06-24 00:47:12.499   532   562 W skia    : AGTM parsing failed flags.readFromStream(s) at 159
06-24 00:47:12.501   480  4020 D android.hardware.audio@7.1-impl.ranchu: 544 frames of silence written
06-24 00:47:12.512  4900  4938 I Launcher.IconCache: Database bulk icon loading failed, using fallback bulk icon loading for: ComponentInfo{com.kian.perficon/com.kian.perficon.MainActivity}
06-24 00:47:12.514   532   562 W skia    : AGTM parsing failed flags.readFromStream(s) at 159
06-24 00:47:12.515   532   562 W skia    : AGTM parsing failed flags.readFromStream(s) at 159
06-24 00:47:12.515   532   562 W skia    : AGTM parsing failed flags.readFromStream(s) at 159
06-24 00:47:12.515   480  4020 D android.hardware.audio@7.1-impl.ranchu: 544 frames of silence written
06-24 00:47:12.515   532   562 W skia    : AGTM parsing failed flags.readFromStream(s) at 159
06-24 00:47:12.515   532   562 W skia    : AGTM parsing failed flags.readFromStream(s) at 159
06-24 00:47:12.524   480  4020 D android.hardware.audio@7.1-impl.ranchu: 544 frames of silence written
06-24 00:47:12.527  4900  4938 I Launcher.IconCache: Database bulk icon loading failed, using fallback bulk icon loading for: ComponentInfo{com.google.android.apps.messaging/com.google.android.apps.messaging.ui.ConversationListActivity}
06-24 00:47:12.532   532   562 W skia    : AGTM parsing failed flags.readFromStream(s) at 159
06-24 00:47:12.532   532   562 W skia    : AGTM parsing failed flags.readFromStream(s) at 159
06-24 00:47:12.532   532   562 W skia    : AGTM parsing failed flags.readFromStream(s) at 159
06-24 00:47:12.532   532   562 W skia    : AGTM parsing failed flags.readFromStream(s) at 159
06-24 00:47:12.532   532   562 W skia    : AGTM parsing failed flags.readFromStream(s) at 159
06-24 00:47:12.535   480  4020 D android.hardware.audio@7.1-impl.ranchu: 544 frames of silence written
06-24 00:47:12.546   480  4020 D android.hardware.audio@7.1-impl.ranchu: 544 frames of silence written
06-24 00:47:12.548   532   562 W skia    : AGTM parsing failed flags.readFromStream(s) at 159
06-24 00:47:12.548   532   562 W skia    : AGTM parsing failed flags.readFromStream(s) at 159
06-24 00:47:12.548   532   562 W skia    : AGTM parsing failed flags.readFromStream(s) at 159
06-24 00:47:12.548   532   562 W skia    : AGTM parsing failed flags.readFromStream(s) at 159
06-24 00:47:12.549   532   562 W skia    : AGTM parsing failed flags.readFromStream(s) at 159
06-24 00:47:12.557   480  4020 D android.hardware.audio@7.1-impl.ranchu: 544 frames of silence written
06-24 00:47:12.565   532   562 W skia    : AGTM parsing failed flags.readFromStream(s) at 159
06-24 00:47:12.565   532   562 W skia    : AGTM parsing failed flags.readFromStream(s) at 159
06-24 00:47:12.565   532   562 W skia    : AGTM parsing failed flags.readFromStream(s) at 159
06-24 00:47:12.565   532   562 W skia    : AGTM parsing failed flags.readFromStream(s) at 159
06-24 00:47:12.565   532   562 W skia    : AGTM parsing failed flags.readFromStream(s) at 159
06-24 00:47:12.568   480  4020 D android.hardware.audio@7.1-impl.ranchu: 544 frames of silence written
06-24 00:47:12.579   480  4020 D android.hardware.audio@7.1-impl.ranchu: 544 frames of silence written
06-24 00:47:12.582   532   562 W skia    : AGTM parsing failed flags.readFromStream(s) at 159
06-24 00:47:12.582   532   562 W skia    : AGTM parsing failed flags.readFromStream(s) at 159
06-24 00:47:12.582   532   562 W skia    : AGTM parsing failed flags.readFromStream(s) at 159
06-24 00:47:12.582   532   562 W skia    : AGTM parsing failed flags.readFromStream(s) at 159
06-24 00:47:12.583   532   562 W skia    : AGTM parsing failed flags.readFromStream(s) at 159
06-24 00:47:12.594   480  4020 D android.hardware.audio@7.1-impl.ranchu: 544 frames of silence written
06-24 00:47:12.604   480  4020 D android.hardware.audio@7.1-impl.ranchu: 544 frames of silence written
06-24 00:47:12.613   480  4020 D android.hardware.audio@7.1-impl.ranchu: 544 frames of silence written
06-24 00:47:12.621  4900  4938 I Launcher.IconCache: Database bulk icon loading failed, using fallback bulk icon loading for: ComponentInfo{com.google.android.dialer/com.google.android.dialer.extensions.GoogleDialtactsActivity}
06-24 00:47:12.624   480  4020 D android.hardware.audio@7.1-impl.ranchu: 544 frames of silence written
06-24 00:47:12.631  4900  4938 I Launcher.IconCache: Database bulk icon loading failed, using fallback bulk icon loading for: ComponentInfo{com.android.vending/com.android.vending.AssetBrowserActivity}
06-24 00:47:12.636   480  4020 D android.hardware.audio@7.1-impl.ranchu: 544 frames of silence written
06-24 00:47:12.648   480  4020 D android.hardware.audio@7.1-impl.ranchu: 544 frames of silence written
06-24 00:47:12.648   532   562 W skia    : AGTM parsing failed flags.readFromStream(s) at 159
06-24 00:47:12.648   532   562 W skia    : AGTM parsing failed flags.readFromStream(s) at 159
06-24 00:47:12.649   532   562 W skia    : AGTM parsing failed flags.readFromStream(s) at 159
06-24 00:47:12.649   532   562 W skia    : AGTM parsing failed flags.readFromStream(s) at 159
06-24 00:47:12.649   532   562 W skia    : AGTM parsing failed flags.readFromStream(s) at 159
06-24 00:47:12.652  4900  4938 I Launcher.IconCache: Database bulk icon loading failed, using fallback bulk icon loading for: ComponentInfo{com.android.settings/com.android.settings.Settings}
06-24 00:47:12.659   480  4020 D android.hardware.audio@7.1-impl.ranchu: 544 frames of silence written
06-24 00:47:12.662  4900  4938 I Launcher.IconCache: Database bulk icon loading failed, using fallback bulk icon loading for: ComponentInfo{com.android.chrome/com.google.android.apps.chrome.Main}
06-24 00:47:12.664   532   562 W skia    : AGTM parsing failed flags.readFromStream(s) at 159
06-24 00:47:12.664   532   562 W skia    : AGTM parsing failed flags.readFromStream(s) at 159
06-24 00:47:12.664   532   562 W skia    : AGTM parsing failed flags.readFromStream(s) at 159
06-24 00:47:12.664   532   562 W skia    : AGTM parsing failed flags.readFromStream(s) at 159
06-24 00:47:12.664   532   562 W skia    : AGTM parsing failed flags.readFromStream(s) at 159
06-24 00:47:12.670   480  4020 D android.hardware.audio@7.1-impl.ranchu: 544 frames of silence written
06-24 00:47:12.680  4900  4938 I Launcher.IconCache: Database bulk icon loading failed, using fallback bulk icon loading for: ComponentInfo{com.google.android.apps.youtube.music/com.google.android.apps.youtube.music.activities.MusicActivity}
06-24 00:47:12.681   532   562 W skia    : AGTM parsing failed flags.readFromStream(s) at 159
06-24 00:47:12.681   532   562 W skia    : AGTM parsing failed flags.readFromStream(s) at 159
06-24 00:47:12.681   532   562 W skia    : AGTM parsing failed flags.readFromStream(s) at 159
06-24 00:47:12.681   532   562 W skia    : AGTM parsing failed flags.readFromStream(s) at 159
06-24 00:47:12.681   532   562 W skia    : AGTM parsing failed flags.readFromStream(s) at 159
06-24 00:47:12.681   480  4020 D android.hardware.audio@7.1-impl.ranchu: 544 frames of silence written
06-24 00:47:12.692   480  4020 D android.hardware.audio@7.1-impl.ranchu: 544 frames of silence written
06-24 00:47:12.698   532   562 W skia    : AGTM parsing failed flags.readFromStream(s) at 159
06-24 00:47:12.698   532   562 W skia    : AGTM parsing failed flags.readFromStream(s) at 159
06-24 00:47:12.698   532   562 W skia    : AGTM parsing failed flags.readFromStream(s) at 159
06-24 00:47:12.698   532   562 W skia    : AGTM parsing failed flags.readFromStream(s) at 159
06-24 00:47:12.698   532   562 W skia    : AGTM parsing failed flags.readFromStream(s) at 159
06-24 00:47:12.704   480  4020 D android.hardware.audio@7.1-impl.ranchu: 544 frames of silence written
06-24 00:47:12.715   532   562 W skia    : AGTM parsing failed flags.readFromStream(s) at 159
06-24 00:47:12.716   532   562 W skia    : AGTM parsing failed flags.readFromStream(s) at 159
06-24 00:47:12.716   532   562 W skia    : AGTM parsing failed flags.readFromStream(s) at 159
06-24 00:47:12.716   532   562 W skia    : AGTM parsing failed flags.readFromStream(s) at 159
06-24 00:47:12.716   532   562 W skia    : AGTM parsing failed flags.readFromStream(s) at 159
06-24 00:47:12.717   480  4020 D android.hardware.audio@7.1-impl.ranchu: 544 frames of silence written
06-24 00:47:12.729   480  4020 D android.hardware.audio@7.1-impl.ranchu: 544 frames of silence written
06-24 00:47:12.732   532   562 W skia    : AGTM parsing failed flags.readFromStream(s) at 159
06-24 00:47:12.732   532   562 W skia    : AGTM parsing failed flags.readFromStream(s) at 159
06-24 00:47:12.732   532   562 W skia    : AGTM parsing failed flags.readFromStream(s) at 159
06-24 00:47:12.732   532   562 W skia    : AGTM parsing failed flags.readFromStream(s) at 159
06-24 00:47:12.732   532   562 W skia    : AGTM parsing failed flags.readFromStream(s) at 159
06-24 00:47:12.736  4900  4938 I Launcher.IconCache: Database bulk icon loading failed, using fallback bulk icon loading for: ComponentInfo{com.google.android.apps.photos/com.google.android.apps.photos.home.HomeActivity}
06-24 00:47:12.739  1016  1047 V WindowManagerShell: Transition animation finished (aborted=false), notifying core (#9) android.os.BinderProxy@7cf8235@0
06-24 00:47:12.741   480  4020 D android.hardware.audio@7.1-impl.ranchu: 544 frames of silence written
06-24 00:47:12.743   707   737 V WindowManager: Finish Transition (#9): created at 06-24 00:47:10.220 collect-started=0.083ms request-sent=0.104ms started=5.971ms ready=351.866ms sent=1783.777ms commit=160.983ms finished=2522.396ms
06-24 00:47:12.745  4900  4938 I Launcher.IconCache: Database bulk icon loading failed, using fallback bulk icon loading for: ComponentInfo{com.google.android.youtube/com.google.android.youtube.app.honeycomb.Shell$HomeActivity}
06-24 00:47:12.745   707  1175 E libbinder.IPCThreadState: Binder transaction failure. id: 206685, cmd: BR_DEAD_REPLY (29189), error: -22 (Invalid argument)
06-24 00:47:12.745   707  1175 W ActivityManager: pid 707 system sent binder code 7 with flags 1 and got error -32
06-24 00:47:12.749   480  4020 D android.hardware.audio@7.1-impl.ranchu: 544 frames of silence written
06-24 00:47:12.751   707  1175 W WindowManager: Exception thrown during dispatchAppVisibility Window{db5910c u0 com.kian.perficon/com.kian.perficon.MainActivity EXITING}
06-24 00:47:12.751   707  1175 W WindowManager: android.os.DeadObjectException
06-24 00:47:12.751   707  1175 W WindowManager: 	at android.os.BinderProxy.transactNative(Native Method)
06-24 00:47:12.751   707  1175 W WindowManager: 	at android.os.BinderProxy.transact(BinderProxy.java:626)
06-24 00:47:12.751   707  1175 W WindowManager: 	at android.view.IWindow$Stub$Proxy.dispatchAppVisibility(IWindow.java:602)
06-24 00:47:12.751   707  1175 W WindowManager: 	at com.android.server.wm.WindowState.sendAppVisibilityToClients(WindowState.java:3388)
06-24 00:47:12.751   707  1175 W WindowManager: 	at com.android.server.wm.WindowContainer.sendAppVisibilityToClients(WindowContainer.java:1245)
06-24 00:47:12.751   707  1175 W WindowManager: 	at com.android.server.wm.WindowToken.setClientVisible(WindowToken.java:392)
06-24 00:47:12.751   707  1175 W WindowManager: 	at com.android.server.wm.ActivityRecord.commitVisibility(ActivityRecord.java:5654)
06-24 00:47:12.751   707  1175 W WindowManager: 	at com.android.server.wm.Transition.finishTransition(Transition.java:1629)
06-24 00:47:12.751   707  1175 W WindowManager: 	at com.android.server.wm.TransitionController.finishTransition(TransitionController.java:1220)
06-24 00:47:12.751   707  1175 W WindowManager: 	at com.android.server.wm.WindowOrganizerController.finishTransition(WindowOrganizerController.java:533)
06-24 00:47:12.751   707  1175 W WindowManager: 	at android.window.IWindowOrganizerController$Stub.onTransact(IWindowOrganizerController.java:265)
06-24 00:47:12.751   707  1175 W WindowManager: 	at com.android.server.wm.WindowOrganizerController.onTransact(WindowOrganizerController.java:239)
06-24 00:47:12.751   707  1175 W WindowManager: 	at android.os.Binder.execTransactInternal(Binder.java:1369)
06-24 00:47:12.751   707  1175 W WindowManager: 	at android.os.Binder.execTransact(Binder.java:1323)
06-24 00:47:12.751   707  1175 W Process : Unable to open /proc/2784/status
06-24 00:47:12.756  4916  4916 W m.kian.perficon: Verification of kotlinx.coroutines.channels.Channel kotlinx.coroutines.channels.ChannelKt.Channel(int, kotlinx.coroutines.channels.BufferOverflow, kotlin.jvm.functions.Function1) took 102.217ms (1310.93 bytecodes/s) (0B arena alloc)
06-24 00:47:12.760   707  1175 I ImeTracker: system_server:7328a6df: onRequestHide at ORIGIN_SERVER reason IME_REQUESTED_CHANGED_LISTENER fromUser false displayId 0
06-24 00:47:12.761   480  4020 D android.hardware.audio@7.1-impl.ranchu: 544 frames of silence written
06-24 00:47:12.769  1016  1047 V WindowManagerShell: Track 0 became idle
06-24 00:47:12.769  1016  1047 V WindowManagerShell: All active transition animations finished
06-24 00:47:12.770   707   740 I ImeTracker: system_server:7328a6df: onCancelled at PHASE_SERVER_SHOULD_HIDE
06-24 00:47:12.772   480  4020 D android.hardware.audio@7.1-impl.ranchu: 544 frames of silence written
06-24 00:47:12.776   707   986 I Surface : Creating surface for consumer unnamed-707-1 with slotExpansion=1 for 64 slots
06-24 00:47:12.776   707   986 I Surface : Creating surface for consumer ImageReader-1024x2284f1m1-707-1 with slotExpansion=1 for 64 slots
06-24 00:47:12.776   707   986 W ImageReader_JNI: Unable to acquire a buffer item, very likely client tried to acquire more than maxImages buffers
06-24 00:47:12.783   480  4020 D android.hardware.audio@7.1-impl.ranchu: 544 frames of silence written
06-24 00:47:12.795  1016  1047 V ShellTaskOrganizer: Task vanished taskId=407
06-24 00:47:12.795   480  4020 D android.hardware.audio@7.1-impl.ranchu: 544 frames of silence written
06-24 00:47:12.795  1016  1047 V ShellTaskOrganizer: Fullscreen Task Vanished: #407
06-24 00:47:12.795  1016  1047 V ShellDesktopMode: Task Vanished: #407 closed=true
06-24 00:47:12.804  4900  4938 I Launcher.IconCache: Database bulk icon loading failed, using fallback bulk icon loading for: ComponentInfo{com.google.android.gm/com.google.android.gm.ConversationListActivityGmail}
06-24 00:47:12.807  1016  1047 V RecentTasksController: Notify recent tasks changed
06-24 00:47:12.807   480  4020 D android.hardware.audio@7.1-impl.ranchu: 544 frames of silence written
06-24 00:47:12.808  1199  1199 D RecentTasksList: invalidateLoadedTasks - previous requestLoadId: -1
06-24 00:47:12.809  4900  4938 I Launcher.IconCache: Database bulk icon loading failed, using fallback bulk icon loading for: ComponentInfo{com.google.android.apps.maps/com.google.android.maps.MapsActivity}
06-24 00:47:12.815   532   532 E BpTransactionCompletedListener: Failed to transact (-32)
06-24 00:47:12.819   480  4020 D android.hardware.audio@7.1-impl.ranchu: 544 frames of silence written
06-24 00:47:12.823  1016  1047 D ShellDesktopMode: AppToWebRepository: Task 407 is vanishing. Removing task data from repository
06-24 00:47:12.826  4900  4938 I Launcher.IconCache: Database bulk icon loading failed, using fallback bulk icon loading for: ComponentInfo{com.google.android.googlequicksearchbox/com.google.android.googlequicksearchbox.SearchActivity}
06-24 00:47:12.827  1016  1047 V AppCompat: SingleSurfaceLetterboxController: []
06-24 00:47:12.827  1016  1047 V AppCompat: MultiSurfaceLetterboxController: []
06-24 00:47:12.827  1016  1047 V AppCompat: LetterboxInputController: []
06-24 00:47:12.829   480  4020 D android.hardware.audio@7.1-impl.ranchu: 544 frames of silence written
06-24 00:47:12.837  1016  1047 V AppCompat: RoundedCornersLetterboxController: {}
06-24 00:47:12.841   480  4020 D android.hardware.audio@7.1-impl.ranchu: 544 frames of silence written
06-24 00:47:12.844  4900  4938 I Launcher.IconCache: Database bulk icon loading failed, using fallback bulk icon loading for: ComponentInfo{com.google.android.apps.docs/com.google.android.apps.docs.app.NewMainProxyActivity}
06-24 00:47:12.852   480  4020 D android.hardware.audio@7.1-impl.ranchu: 544 frames of silence written
06-24 00:47:12.855  4900  4938 D LoaderTask: loadWorkspace
06-24 00:47:12.855  4900  4938 D LoaderTask: workspaceDelegateItems
06-24 00:47:12.859  4900  4938 D LoaderTask: sanitizeData
06-24 00:47:12.862   480  4020 D android.hardware.audio@7.1-impl.ranchu: 544 frames of silence written
06-24 00:47:12.873  4900  4938 D LoaderTask: bindWorkspace
06-24 00:47:12.874   480  4020 D android.hardware.audio@7.1-impl.ranchu: 544 frames of silence written
06-24 00:47:12.880  4900  4900 D ModelCallbacks: startBinding: hotseat layout was vertical: false and is setting to false
06-24 00:47:12.885   480  4020 D android.hardware.audio@7.1-impl.ranchu: 544 frames of silence written
06-24 00:47:12.887   707   986 E ConsumerBase: [ImageReader-1024x2284f1m1-707-1] abandonLocked: ConsumerBase is abandoned!
06-24 00:47:12.896   480  4020 D android.hardware.audio@7.1-impl.ranchu: 544 frames of silence written
06-24 00:47:12.913   480  4020 D android.hardware.audio@7.1-impl.ranchu: 544 frames of silence written
06-24 00:47:12.913   707   871 W ApplicationInfo: Large ApplicationInfo parcel: size=17708 package=com.google.android.googlequicksearchbox sharedLibs=3 resDirs=2 overlayPaths=2
06-24 00:47:12.913   707   871 W ApplicationInfo: Large ApplicationInfo parcel: size=17708 package=com.google.android.googlequicksearchbox sharedLibs=3 resDirs=2 overlayPaths=2
06-24 00:47:12.913   707   871 W ApplicationInfo: Large ApplicationInfo parcel: size=17708 package=com.google.android.googlequicksearchbox sharedLibs=3 resDirs=2 overlayPaths=2
06-24 00:47:12.913   707   871 W ApplicationInfo: Large ApplicationInfo parcel: size=17708 package=com.google.android.googlequicksearchbox sharedLibs=3 resDirs=2 overlayPaths=2
06-24 00:47:12.919   480  4020 D android.hardware.audio@7.1-impl.ranchu: 544 frames of silence written
06-24 00:47:12.920   707   871 E AppWidgetServiceImpl: getAppWidgetInfo() returns null because widget.provider is null. appWidgetId=43 userId=0 widget=AppWidgetId{43:Host{HostId{user:0, app:10228, hostId:1028, pkg:app.lawnchair}}:null}
06-24 00:47:12.920  4900  4900 E AppWidgetManager: App widget provider info is null. PackageName=app.lawnchair appWidgetId-43
06-24 00:47:12.931   480  4020 D android.hardware.audio@7.1-impl.ranchu: 544 frames of silence written
06-24 00:47:12.942   480  4020 D android.hardware.audio@7.1-impl.ranchu: 544 frames of silence written
06-24 00:47:12.953   480  4020 D android.hardware.audio@7.1-impl.ranchu: 544 frames of silence written
06-24 00:47:12.962  4900  4900 D Launcher.Workspace: addInScreenFromBind: hotseat inflation with x = 0 and y = 0
06-24 00:47:12.962  4900  4900 D Launcher.Workspace: addInScreenFromBind: hotseat inflation with x = 1 and y = 0
06-24 00:47:12.963  4900  4900 D Launcher.Workspace: addInScreenFromBind: hotseat inflation with x = 2 and y = 0
06-24 00:47:12.964  4900  4900 D Launcher.Workspace: addInScreenFromBind: hotseat inflation with x = 3 and y = 0
06-24 00:47:12.965   480  4020 D android.hardware.audio@7.1-impl.ranchu: 544 frames of silence written
06-24 00:47:12.976   480  4020 D android.hardware.audio@7.1-impl.ranchu: 544 frames of silence written
06-24 00:47:12.987   480  4020 D android.hardware.audio@7.1-impl.ranchu: 544 frames of silence written
06-24 00:47:12.998   480  4020 D android.hardware.audio@7.1-impl.ranchu: 544 frames of silence written
06-24 00:47:13.012   480  4020 D android.hardware.audio@7.1-impl.ranchu: 544 frames of silence written
06-24 00:47:13.012  4900  4900 D BaseDepthController: setSurface:
06-24 00:47:13.012  4900  4900 D BaseDepthController: 	mWaitingOnSurfaceValidity: false
06-24 00:47:13.012  4900  4900 D BaseDepthController: 	mSurface: Surface(name=VRI-app.lawnchair/app.lawnchair.LawnchairLauncher#188)/@0x3fb2382
06-24 00:47:13.032   480  4020 D android.hardware.audio@7.1-impl.ranchu: 544 frames of silence written
06-24 00:47:13.036   480  4020 D android.hardware.audio@7.1-impl.ranchu: 544 frames of silence written
06-24 00:47:13.044   480  4020 D android.hardware.audio@7.1-impl.ranchu: 544 frames of silence written
06-24 00:47:13.055   480  4020 D android.hardware.audio@7.1-impl.ranchu: 544 frames of silence written
06-24 00:47:13.062  4900  4938 D LoaderTask: sendFirstScreenBroadcast
06-24 00:47:13.067   480  4020 D android.hardware.audio@7.1-impl.ranchu: 544 frames of silence written
06-24 00:47:13.071  4900  4938 D LoaderTask: step 1 complete
06-24 00:47:13.077   707  1878 E AppWidgetServiceImpl: getAppWidgetInfo() returns null because widget.provider is null. appWidgetId=44 userId=0 widget=AppWidgetId{44:Host{HostId{user:0, app:10228, hostId:1028, pkg:app.lawnchair}}:null}
06-24 00:47:13.079  4900  4900 E AppWidgetManager: App widget provider info is null. PackageName=app.lawnchair appWidgetId-44
06-24 00:47:13.080   480  4020 D android.hardware.audio@7.1-impl.ranchu: 544 frames of silence written
06-24 00:47:13.080   707  1878 W ActivityManager: Skipping manifest association check for null package. SourceUid: -1, SourcePkg: null, TargetUid: 10228, TargetPkg: app.lawnchair
06-24 00:47:13.082   707   749 W ActivityManager: Skipping manifest association check for null package. SourceUid: -1, SourcePkg: null, TargetUid: 10228, TargetPkg: app.lawnchair
06-24 00:47:13.089   480  4020 D android.hardware.audio@7.1-impl.ranchu: 544 frames of silence written
06-24 00:47:13.101   480  4020 D android.hardware.audio@7.1-impl.ranchu: 544 frames of silence written
06-24 00:47:13.112   480  4020 D android.hardware.audio@7.1-impl.ranchu: 544 frames of silence written
06-24 00:47:13.122  4900  4900 D BaseDepthController: setSurface:
06-24 00:47:13.122  4900  4900 D BaseDepthController: 	mWaitingOnSurfaceValidity: false
06-24 00:47:13.122  4900  4900 D BaseDepthController: 	mSurface: null
06-24 00:47:13.123  4900  4900 D BaseDepthController: mSurface is null and mCurrentBlur is: 0
06-24 00:47:13.123  4900  4900 D StateManager: goToState - fromState: Normal, toState: Normal, partial trace:
06-24 00:47:13.123  4900  4900 D StateManager: 	at com.android.launcher3.statemanager.StateManager.moveToRestState(r8-map-id-b54e3f57ee65fce11a8aefbace76aa727d80c828173090b24bc6d6ebfb3ef4a7:26)
06-24 00:47:13.123  4900  4900 D StateManager: 	at com.android.launcher3.statemanager.StateManager.moveToRestState(r8-map-id-b54e3f57ee65fce11a8aefbace76aa727d80c828173090b24bc6d6ebfb3ef4a7:34)
06-24 00:47:13.123  4900  4900 D StateManager: 	at com.android.launcher3.statemanager.StatefulActivity.onStop(r8-map-id-b54e3f57ee65fce11a8aefbace76aa727d80c828173090b24bc6d6ebfb3ef4a7:34)
06-24 00:47:13.123  4900  4900 D StatsLog: LAUNCHER_ONSTOP
06-24 00:47:13.130  4900  4900 E ThemeUtils: View class app.lawnchair.smartspace.DoubleShadowTextView is an AppCompat widget that can only be used with a Theme.AppCompat theme (or descendant).
06-24 00:47:13.132  4900  4900 E ThemeUtils: View class app.lawnchair.smartspace.DoubleShadowTextView is an AppCompat widget that can only be used with a Theme.AppCompat theme (or descendant).
06-24 00:47:13.132  4900  4900 E ThemeUtils: View class app.lawnchair.smartspace.DoubleShadowTextView is an AppCompat widget that can only be used with a Theme.AppCompat theme (or descendant).
06-24 00:47:13.134  4900  4900 E ThemeUtils: View class app.lawnchair.smartspace.DoubleShadowTextView is an AppCompat widget that can only be used with a Theme.AppCompat theme (or descendant).
06-24 00:47:13.137  4900  4900 E ThemeUtils: View class app.lawnchair.smartspace.IcuDateTextView is an AppCompat widget that can only be used with a Theme.AppCompat theme (or descendant).
06-24 00:47:13.138  4900  4900 E ThemeUtils: View class app.lawnchair.smartspace.DoubleShadowTextView is an AppCompat widget that can only be used with a Theme.AppCompat theme (or descendant).
06-24 00:47:13.138  4900  4900 E ThemeUtils: View class app.lawnchair.smartspace.DoubleShadowTextView is an AppCompat widget that can only be used with a Theme.AppCompat theme (or descendant).
06-24 00:47:13.140  4900  4900 E ThemeUtils: View class app.lawnchair.smartspace.DoubleShadowTextView is an AppCompat widget that can only be used with a Theme.AppCompat theme (or descendant).
06-24 00:47:13.141  4900  4900 E BcSmartspaceCard: No tap action can be set up
06-24 00:47:13.147   480  4020 D android.hardware.audio@7.1-impl.ranchu: 544 frames of silence written
06-24 00:47:13.148   480  4020 D android.hardware.audio@7.1-impl.ranchu: 544 frames of silence written
06-24 00:47:13.153   480  4020 D android.hardware.audio@7.1-impl.ranchu: 544 frames of silence written
06-24 00:47:13.160   480  4020 D android.hardware.audio@7.1-impl.ranchu: 544 frames of silence written
06-24 00:47:13.168   480  4020 D android.hardware.audio@7.1-impl.ranchu: 544 frames of silence written
06-24 00:47:13.184   480  4020 D android.hardware.audio@7.1-impl.ranchu: 544 frames of silence written
06-24 00:47:13.191   480  4020 D android.hardware.audio@7.1-impl.ranchu: 544 frames of silence written
06-24 00:47:13.204   480  4020 D android.hardware.audio@7.1-impl.ranchu: 544 frames of silence written
06-24 00:47:13.214   480  4020 D android.hardware.audio@7.1-impl.ranchu: 544 frames of silence written
06-24 00:47:13.227   480  4020 D android.hardware.audio@7.1-impl.ranchu: 544 frames of silence written
06-24 00:47:13.237   480  4020 D android.hardware.audio@7.1-impl.ranchu: 544 frames of silence written
06-24 00:47:13.248   480  4020 D android.hardware.audio@7.1-impl.ranchu: 544 frames of silence written
06-24 00:47:13.260   480  4020 D android.hardware.audio@7.1-impl.ranchu: 544 frames of silence written
06-24 00:47:13.270   480  4020 D android.hardware.audio@7.1-impl.ranchu: 544 frames of silence written
06-24 00:47:13.283   480  4020 D android.hardware.audio@7.1-impl.ranchu: 544 frames of silence written
06-24 00:47:13.293   480  4020 D android.hardware.audio@7.1-impl.ranchu: 544 frames of silence written
06-24 00:47:13.305   480  4020 D android.hardware.audio@7.1-impl.ranchu: 544 frames of silence written
06-24 00:47:13.316   480  4020 D android.hardware.audio@7.1-impl.ranchu: 544 frames of silence written
06-24 00:47:13.327   480  4020 D android.hardware.audio@7.1-impl.ranchu: 544 frames of silence written
06-24 00:47:13.338   480  4020 D android.hardware.audio@7.1-impl.ranchu: 544 frames of silence written
06-24 00:47:13.352   480  4020 D android.hardware.audio@7.1-impl.ranchu: 544 frames of silence written
06-24 00:47:13.363   480  4020 D android.hardware.audio@7.1-impl.ranchu: 544 frames of silence written
06-24 00:47:13.373   480  4020 D android.hardware.audio@7.1-impl.ranchu: 544 frames of silence written
06-24 00:47:13.384   480  4020 D android.hardware.audio@7.1-impl.ranchu: 544 frames of silence written
06-24 00:47:13.399   480  4020 D android.hardware.audio@7.1-impl.ranchu: 544 frames of silence written
06-24 00:47:13.408   480  4020 D android.hardware.audio@7.1-impl.ranchu: 544 frames of silence written
06-24 00:47:13.419   480  4020 D android.hardware.audio@7.1-impl.ranchu: 544 frames of silence written
06-24 00:47:13.431   480  4020 D android.hardware.audio@7.1-impl.ranchu: 544 frames of silence written
06-24 00:47:13.440   480  4020 D android.hardware.audio@7.1-impl.ranchu: 544 frames of silence written
06-24 00:47:13.452   480  4020 D android.hardware.audio@7.1-impl.ranchu: 544 frames of silence written
06-24 00:47:13.465   480  4020 D android.hardware.audio@7.1-impl.ranchu: 544 frames of silence written
06-24 00:47:13.466  4916  4916 I m.kian.perficon: hiddenapi: Accessing hidden method Landroid/os/SystemProperties;->addChangeCallback(Ljava/lang/Runnable;)V (runtime_flags=0, domain=platform, api=unsupported) from Landroidx/compose/ui/platform/AndroidComposeView$Companion; (domain=app, TargetSdkVersion=36) using reflection: allowed
06-24 00:47:13.474   480  4020 D android.hardware.audio@7.1-impl.ranchu: 544 frames of silence written
06-24 00:47:13.487   480  4020 D android.hardware.audio@7.1-impl.ranchu: 544 frames of silence written
06-24 00:47:13.497   480  4020 D android.hardware.audio@7.1-impl.ranchu: 544 frames of silence written
06-24 00:47:13.509   480  4020 D android.hardware.audio@7.1-impl.ranchu: 544 frames of silence written
06-24 00:47:13.520   480  4020 D android.hardware.audio@7.1-impl.ranchu: 544 frames of silence written
06-24 00:47:13.535   480  4020 D android.hardware.audio@7.1-impl.ranchu: 544 frames of silence written
06-24 00:47:13.543   480  4020 D android.hardware.audio@7.1-impl.ranchu: 544 frames of silence written
06-24 00:47:13.554   480  4020 D android.hardware.audio@7.1-impl.ranchu: 544 frames of silence written
06-24 00:47:13.565  4900  4938 D LoaderTask: loadAllApps
06-24 00:47:13.565   480  4020 D android.hardware.audio@7.1-impl.ranchu: 544 frames of silence written
06-24 00:47:13.565  4900  4938 D LoaderTask: allAppsDelegateItems
06-24 00:47:13.565  4900  4938 D LoaderTask: bindAllApps
06-24 00:47:13.566   707   871 I PackageManager: getInstalledPackages: callingUid=10228 flags=8192 updatedFlags=794624 userId=0
06-24 00:47:13.570  4900  4900 D StatsLog: LAUNCHER_ALLAPPS_COUNT
06-24 00:47:13.581   480  4020 D android.hardware.audio@7.1-impl.ranchu: 544 frames of silence written
06-24 00:47:13.588   480  4020 D android.hardware.audio@7.1-impl.ranchu: 544 frames of silence written
06-24 00:47:13.592  4900  4938 D LoaderTask: update icon cache
06-24 00:47:13.592  4900  4938 D LoaderTask: save shortcuts in icon cache
06-24 00:47:13.592  4900  4938 D LoaderTask: step 2 complete
06-24 00:47:13.593  4900  4938 D LoaderTask: loadDeepShortcuts
06-24 00:47:13.593  4900  4938 D LoaderTask: bindDeepShortcuts
06-24 00:47:13.593  4900  4938 D LoaderTask: save deep shortcuts in icon cache
06-24 00:47:13.594  4900  4938 D LoaderTask: step 3 complete
06-24 00:47:13.599   480  4020 D android.hardware.audio@7.1-impl.ranchu: 544 frames of silence written
06-24 00:47:13.599   707   871 W ApplicationInfo: Large ApplicationInfo parcel: size=17708 package=com.google.android.googlequicksearchbox sharedLibs=3 resDirs=2 overlayPaths=2
06-24 00:47:13.599   707   871 W ParceledListSlice: Element #27 is 18876 bytes.
06-24 00:47:13.599   707   871 W ApplicationInfo: Large ApplicationInfo parcel: size=17708 package=com.google.android.googlequicksearchbox sharedLibs=3 resDirs=2 overlayPaths=2
06-24 00:47:13.599   707   871 W ParceledListSlice: Element #28 is 19056 bytes.
06-24 00:47:13.599   707   871 W ApplicationInfo: Large ApplicationInfo parcel: size=17708 package=com.google.android.googlequicksearchbox sharedLibs=3 resDirs=2 overlayPaths=2
06-24 00:47:13.599   707   871 W ParceledListSlice: Element #29 is 19268 bytes.
06-24 00:47:13.599   707   871 W ApplicationInfo: Large ApplicationInfo parcel: size=17708 package=com.google.android.googlequicksearchbox sharedLibs=3 resDirs=2 overlayPaths=2
06-24 00:47:13.599   707   871 W ParceledListSlice: Element #30 is 18780 bytes.
06-24 00:47:13.611   480  4020 D android.hardware.audio@7.1-impl.ranchu: 544 frames of silence written
06-24 00:47:13.622   480  4020 D android.hardware.audio@7.1-impl.ranchu: 544 frames of silence written
06-24 00:47:13.624  4900  4938 W ApplicationInfo: Large ApplicationInfo parcel: size=17708 package=com.google.android.googlequicksearchbox sharedLibs=3 resDirs=2 overlayPaths=2
06-24 00:47:13.625  4900  4938 W ApplicationInfo: Large ApplicationInfo parcel: size=17708 package=com.google.android.googlequicksearchbox sharedLibs=3 resDirs=2 overlayPaths=2
06-24 00:47:13.626  4900  4938 W ApplicationInfo: Large ApplicationInfo parcel: size=17708 package=com.google.android.googlequicksearchbox sharedLibs=3 resDirs=2 overlayPaths=2
06-24 00:47:13.627  4900  4938 W ApplicationInfo: Large ApplicationInfo parcel: size=17708 package=com.google.android.googlequicksearchbox sharedLibs=3 resDirs=2 overlayPaths=2
06-24 00:47:13.633   480  4020 D android.hardware.audio@7.1-impl.ranchu: 544 frames of silence written
06-24 00:47:13.644   480  4020 D android.hardware.audio@7.1-impl.ranchu: 544 frames of silence written
06-24 00:47:13.657   480  4020 D android.hardware.audio@7.1-impl.ranchu: 544 frames of silence written
06-24 00:47:13.668   480  4020 D android.hardware.audio@7.1-impl.ranchu: 544 frames of silence written
06-24 00:47:13.670  1624  1770 V DatabaseBackupAndRecovery: Backed up next generation number 347690 for volume external_primary
06-24 00:47:13.680   480  4020 D android.hardware.audio@7.1-impl.ranchu: 544 frames of silence written
06-24 00:47:13.690   480  4020 D android.hardware.audio@7.1-impl.ranchu: 544 frames of silence written
06-24 00:47:13.701   480  4020 D android.hardware.audio@7.1-impl.ranchu: 544 frames of silence written
06-24 00:47:13.713   480  4020 D android.hardware.audio@7.1-impl.ranchu: 544 frames of silence written
06-24 00:47:13.724   480  4020 D android.hardware.audio@7.1-impl.ranchu: 544 frames of silence written
06-24 00:47:13.732  4900  4909 W app.lawnchair: Cleared Reference was only reachable from finalizer (only reported once)
06-24 00:47:13.737   480  4020 D android.hardware.audio@7.1-impl.ranchu: 544 frames of silence written
06-24 00:47:13.747   480  4020 D android.hardware.audio@7.1-impl.ranchu: 544 frames of silence written
06-24 00:47:13.758   480  4020 D android.hardware.audio@7.1-impl.ranchu: 544 frames of silence written
06-24 00:47:13.770   480  4020 D android.hardware.audio@7.1-impl.ranchu: 544 frames of silence written
06-24 00:47:13.780   480  4020 D android.hardware.audio@7.1-impl.ranchu: 544 frames of silence written
06-24 00:47:13.792   480  4020 D android.hardware.audio@7.1-impl.ranchu: 544 frames of silence written
06-24 00:47:13.803   480  4020 D android.hardware.audio@7.1-impl.ranchu: 544 frames of silence written
06-24 00:47:13.814   480  4020 D android.hardware.audio@7.1-impl.ranchu: 544 frames of silence written
06-24 00:47:13.825   480  4020 D android.hardware.audio@7.1-impl.ranchu: 544 frames of silence written
06-24 00:47:13.837   480  4020 D android.hardware.audio@7.1-impl.ranchu: 544 frames of silence written
06-24 00:47:13.849   480  4020 D android.hardware.audio@7.1-impl.ranchu: 544 frames of silence written
06-24 00:47:13.860   480  4020 D android.hardware.audio@7.1-impl.ranchu: 544 frames of silence written
06-24 00:47:13.873   480  4020 D android.hardware.audio@7.1-impl.ranchu: 544 frames of silence written
06-24 00:47:13.883   480  4020 D android.hardware.audio@7.1-impl.ranchu: 544 frames of silence written
06-24 00:47:13.894   480  4020 D android.hardware.audio@7.1-impl.ranchu: 544 frames of silence written
06-24 00:47:13.906   480  4020 D android.hardware.audio@7.1-impl.ranchu: 544 frames of silence written
06-24 00:47:13.917   480  4020 D android.hardware.audio@7.1-impl.ranchu: 544 frames of silence written
06-24 00:47:13.928   480  4020 D android.hardware.audio@7.1-impl.ranchu: 544 frames of silence written
06-24 00:47:13.943   480  4020 D android.hardware.audio@7.1-impl.ranchu: 544 frames of silence written
06-24 00:47:13.951   480  4020 D android.hardware.audio@7.1-impl.ranchu: 544 frames of silence written
06-24 00:47:13.962   480  4020 D android.hardware.audio@7.1-impl.ranchu: 544 frames of silence written
06-24 00:47:13.971  1624  1624 D WM-DelayedWorkTracker: Scheduling work 917432fb-7aee-4149-87f3-a18d9def17e2
06-24 00:47:13.971  1624  1624 D WM-GreedyScheduler: Starting tracking for 917432fb-7aee-4149-87f3-a18d9def17e2
06-24 00:47:13.971  1624  2044 D WM-ConstraintTracker: BatteryNotLowTracker: initial state = true
06-24 00:47:13.971  1624  2044 D WM-BrdcstRcvrCnstrntTrc: BatteryNotLowTracker: registering receiver
06-24 00:47:13.972  1624  2044 D WM-GreedyScheduler: Constraints met: Scheduling work ID WorkGenerationalId(workSpecId=917432fb-7aee-4149-87f3-a18d9def17e2, generation=0)
06-24 00:47:13.973   480  4020 D android.hardware.audio@7.1-impl.ranchu: 544 frames of silence written
06-24 00:47:13.973  1624  2044 D WM-Processor: Processor: processing WorkGenerationalId(workSpecId=917432fb-7aee-4149-87f3-a18d9def17e2, generation=0)
06-24 00:47:13.975  1624  1624 D WM-WorkerWrapper: Starting work for com.android.providers.media.photopicker.sync.ProactiveSyncWorker
06-24 00:47:13.976  1624  4766 I PSyncWorker: Starting proactive picker sync from sync source: 1
06-24 00:47:13.976  1624  4766 I PickerSyncTracker: Created new sync future java.util.concurrent.CompletableFuture@c1b6ff1[Not completed, 1 dependents]. Future map: {917432fb-7aee-4149-87f3-a18d9def17e2=java.util.concurrent.CompletableFuture@c1b6ff1[Not completed, 1 dependents]}
06-24 00:47:13.976  1624  4766 D PickerSyncController: syncAllMediaFromProvider() LOCAL, auth=com.android.providers.media.photopicker, retry=true
06-24 00:47:13.976  1624  4766 D PickerSyncController: getSyncRequestParams() LOCAL, auth=com.android.providers.media.photopicker
06-24 00:47:13.984   480  4020 D android.hardware.audio@7.1-impl.ranchu: 544 frames of silence written
06-24 00:47:13.996   480  4020 D android.hardware.audio@7.1-impl.ranchu: 544 frames of silence written
06-24 00:47:14.001  1624  4766 D PickerSyncController:    Latest ID/Gen=bf2c2f3eec4e8cb6:0000-0000:external_primary/324069
06-24 00:47:14.001  1624  4766 D PickerSyncController:    Cached ID/Gen=bf2c2f3eec4e8cb6:0000-0000:external_primary/324069
06-24 00:47:14.001  1624  4766 D PickerSyncController:    RESULT=SyncRequestParams{type=NONE, gen=0, latest=null, pageSize=1000}
06-24 00:47:14.001  1624  4766 I PickerSyncTracker: Marked sync future complete for work id: 917432fb-7aee-4149-87f3-a18d9def17e2. Future map: {}
06-24 00:47:14.001  1624  4766 I PSyncWorker: Completed picker proactive sync complete from local provider.
06-24 00:47:14.002  1624  2044 I WM-WorkerWrapper: Worker result SUCCESS for Work [ id=917432fb-7aee-4149-87f3-a18d9def17e2, tags={ com.android.providers.media.photopicker.sync.ProactiveSyncWorker } ]
06-24 00:47:14.003  1624  1624 D WM-Processor: Processor 917432fb-7aee-4149-87f3-a18d9def17e2 executed; reschedule = false
06-24 00:47:14.003  1624  1624 D WM-GreedyScheduler: Stopping tracking for WorkGenerationalId(workSpecId=917432fb-7aee-4149-87f3-a18d9def17e2, generation=0)
06-24 00:47:14.008  1624  2044 D WM-GreedyScheduler: Cancelling work ID 917432fb-7aee-4149-87f3-a18d9def17e2
06-24 00:47:14.009   480  4020 D android.hardware.audio@7.1-impl.ranchu: 544 frames of silence written
06-24 00:47:14.009  1624  2044 D WM-GreedyScheduler: Ignoring {WorkSpec: 8beebb5c-7dd4-4458-92d0-8123757d330f}. Requires device idle.
06-24 00:47:14.009  1624  2044 D WM-GreedyScheduler: Ignoring {WorkSpec: b3c13ac1-3242-4b6f-a7b8-2b3376cca7ac}. Requires device idle.
06-24 00:47:14.009  1624  2044 D WM-GreedyScheduler: Ignoring {WorkSpec: 744ff3f3-7821-413e-a749-c2174eb7a6dd}. Requires device idle.
06-24 00:47:14.009  1624  1826 D WM-BrdcstRcvrCnstrntTrc: BatteryNotLowTracker: unregistering receiver
06-24 00:47:14.018   480  4020 D android.hardware.audio@7.1-impl.ranchu: 544 frames of silence written
06-24 00:47:14.019  1624  1826 D WM-SystemJobScheduler: Scheduling work ID f92178c6-7630-4478-98fd-4c505e83436fJob ID 835
06-24 00:47:14.024  1624  1826 D WM-GreedyScheduler: Ignoring {WorkSpec: 8beebb5c-7dd4-4458-92d0-8123757d330f}. Requires device idle.
06-24 00:47:14.024  1624  1826 D WM-GreedyScheduler: Ignoring {WorkSpec: b3c13ac1-3242-4b6f-a7b8-2b3376cca7ac}. Requires device idle.
06-24 00:47:14.024  1624  1826 D WM-GreedyScheduler: Ignoring {WorkSpec: 744ff3f3-7821-413e-a749-c2174eb7a6dd}. Requires device idle.
06-24 00:47:14.031   480  4020 D android.hardware.audio@7.1-impl.ranchu: 544 frames of silence written
06-24 00:47:14.042   480  4020 D android.hardware.audio@7.1-impl.ranchu: 544 frames of silence written
06-24 00:47:14.052   480  4020 D android.hardware.audio@7.1-impl.ranchu: 544 frames of silence written
06-24 00:47:14.065   480  4020 D android.hardware.audio@7.1-impl.ranchu: 544 frames of silence written
06-24 00:47:14.076   480  4020 D android.hardware.audio@7.1-impl.ranchu: 544 frames of silence written
06-24 00:47:14.079  4916  4916 D VRI[MainActivity]: WindowInsets changed: 1280x2856 statusBars:[0,156,0,0] navigationBars:[0,0,0,144] mandatorySystemGestures:[0,192,0,144] 
06-24 00:47:14.088   480  4020 D android.hardware.audio@7.1-impl.ranchu: 544 frames of silence written
06-24 00:47:14.098   480  4020 D android.hardware.audio@7.1-impl.ranchu: 544 frames of silence written
06-24 00:47:14.111   480  4020 D android.hardware.audio@7.1-impl.ranchu: 544 frames of silence written
06-24 00:47:14.121   480  4020 D android.hardware.audio@7.1-impl.ranchu: 544 frames of silence written
06-24 00:47:14.132   480  4020 D android.hardware.audio@7.1-impl.ranchu: 544 frames of silence written
06-24 00:47:14.143   480  4020 D android.hardware.audio@7.1-impl.ranchu: 544 frames of silence written
06-24 00:47:14.155   480  4020 D android.hardware.audio@7.1-impl.ranchu: 544 frames of silence written
06-24 00:47:14.167   480  4020 D android.hardware.audio@7.1-impl.ranchu: 544 frames of silence written
06-24 00:47:14.177   480  4020 D android.hardware.audio@7.1-impl.ranchu: 544 frames of silence written
06-24 00:47:14.189   480  4020 D android.hardware.audio@7.1-impl.ranchu: 544 frames of silence written
06-24 00:47:14.200   480  4020 D android.hardware.audio@7.1-impl.ranchu: 544 frames of silence written
06-24 00:47:14.211   480  4020 D android.hardware.audio@7.1-impl.ranchu: 544 frames of silence written
06-24 00:47:14.222   480  4020 D android.hardware.audio@7.1-impl.ranchu: 544 frames of silence written
06-24 00:47:14.234   480  4020 D android.hardware.audio@7.1-impl.ranchu: 544 frames of silence written
06-24 00:47:14.242  4900  4938 D LoaderTask: load widgets
06-24 00:47:14.244  4900  4938 D LoaderTask: bindWidgets
06-24 00:47:14.246   480  4020 D android.hardware.audio@7.1-impl.ranchu: 544 frames of silence written
06-24 00:47:14.251  4900  4938 D LoaderTask: otherDelegateItems
06-24 00:47:14.252  4900  4938 D LoaderTask: save widgets in icon cache
06-24 00:47:14.253  4900  4938 D LoaderTask: finish icon update
06-24 00:47:14.258   480  4020 D android.hardware.audio@7.1-impl.ranchu: 544 frames of silence written
06-24 00:47:14.259  4916  4926 I m.kian.perficon: Compiler allocated 5250KB to compile void android.view.ViewRootImpl.performTraversals(long)
06-24 00:47:14.268   480  4020 D android.hardware.audio@7.1-impl.ranchu: 544 frames of silence written
06-24 00:47:14.282   480  4020 D android.hardware.audio@7.1-impl.ranchu: 544 frames of silence written
06-24 00:47:14.291   480  4020 D android.hardware.audio@7.1-impl.ranchu: 544 frames of silence written
06-24 00:47:14.304   480  4020 D android.hardware.audio@7.1-impl.ranchu: 544 frames of silence written
06-24 00:47:14.314   480  4020 D android.hardware.audio@7.1-impl.ranchu: 544 frames of silence written
06-24 00:47:14.324   480  4020 D android.hardware.audio@7.1-impl.ranchu: 544 frames of silence written
06-24 00:47:14.337   480  4020 D android.hardware.audio@7.1-impl.ranchu: 544 frames of silence written
06-24 00:47:14.347   480  4020 D android.hardware.audio@7.1-impl.ranchu: 544 frames of silence written
06-24 00:47:14.359   480  4020 D android.hardware.audio@7.1-impl.ranchu: 544 frames of silence written
06-24 00:47:14.369   480  4020 D android.hardware.audio@7.1-impl.ranchu: 544 frames of silence written
06-24 00:47:14.383   480  4020 D android.hardware.audio@7.1-impl.ranchu: 544 frames of silence written
06-24 00:47:14.383   707  1777 E TaskPersister: File error accessing recents directory (directory doesn't exist?).
06-24 00:47:14.393   480  4020 D android.hardware.audio@7.1-impl.ranchu: 544 frames of silence written
06-24 00:47:14.404   480  4020 D android.hardware.audio@7.1-impl.ranchu: 544 frames of silence written
06-24 00:47:14.415   480  4020 D android.hardware.audio@7.1-impl.ranchu: 544 frames of silence written
06-24 00:47:14.431   480  4020 D android.hardware.audio@7.1-impl.ranchu: 544 frames of silence written
06-24 00:47:14.438   480  4020 D android.hardware.audio@7.1-impl.ranchu: 544 frames of silence written
06-24 00:47:14.449   480  4020 D android.hardware.audio@7.1-impl.ranchu: 544 frames of silence written
06-24 00:47:14.461   480  4020 D android.hardware.audio@7.1-impl.ranchu: 544 frames of silence written
06-24 00:47:14.472   480  4020 D android.hardware.audio@7.1-impl.ranchu: 544 frames of silence written
06-24 00:47:14.483   480  4020 D android.hardware.audio@7.1-impl.ranchu: 544 frames of silence written
06-24 00:47:14.494   480  4020 D android.hardware.audio@7.1-impl.ranchu: 544 frames of silence written
06-24 00:47:14.506   480  4020 D android.hardware.audio@7.1-impl.ranchu: 544 frames of silence written
06-24 00:47:14.517   480  4020 D android.hardware.audio@7.1-impl.ranchu: 544 frames of silence written
06-24 00:47:14.532   480  4020 D android.hardware.audio@7.1-impl.ranchu: 544 frames of silence written
06-24 00:47:14.540   480  4020 D android.hardware.audio@7.1-impl.ranchu: 544 frames of silence written
06-24 00:47:14.551  4916  4916 I HWUI    : Using FreeType backend (prop=Auto)
06-24 00:47:14.553   480  4020 D android.hardware.audio@7.1-impl.ranchu: 544 frames of silence written
06-24 00:47:14.564   480  4020 D android.hardware.audio@7.1-impl.ranchu: 544 frames of silence written
06-24 00:47:14.573   480  4020 D android.hardware.audio@7.1-impl.ranchu: 544 frames of silence written
06-24 00:47:14.585   480  4020 D android.hardware.audio@7.1-impl.ranchu: 544 frames of silence written
06-24 00:47:14.601   480  4020 D android.hardware.audio@7.1-impl.ranchu: 544 frames of silence written
06-24 00:47:14.608   480  4020 D android.hardware.audio@7.1-impl.ranchu: 544 frames of silence written
06-24 00:47:14.619   480  4020 D android.hardware.audio@7.1-impl.ranchu: 544 frames of silence written
06-24 00:47:14.631   480  4020 D android.hardware.audio@7.1-impl.ranchu: 544 frames of silence written
06-24 00:47:14.643   480  4020 D android.hardware.audio@7.1-impl.ranchu: 544 frames of silence written
06-24 00:47:14.654   480  4020 D android.hardware.audio@7.1-impl.ranchu: 544 frames of silence written
06-24 00:47:14.664   480  4020 D android.hardware.audio@7.1-impl.ranchu: 544 frames of silence written
06-24 00:47:14.676   480  4020 D android.hardware.audio@7.1-impl.ranchu: 544 frames of silence written
06-24 00:47:14.687   480  4020 D android.hardware.audio@7.1-impl.ranchu: 544 frames of silence written
