06-24 00:47:11.439  4900  4900 W TaskStackChangeListeners: 	at com.android.quickstep.RecentsAnimationDeviceState.<init>(r8-map-id-b54e3f57ee65fce11a8aefbace76aa727d80c828173090b24bc6d6ebfb3ef4a7:329)
06-24 00:47:11.439  4900  4900 W TaskStackChangeListeners: 	at com.android.launcher3.uioverrides.QuickstepLauncher.setupViews(r8-map-id-b54e3f57ee65fce11a8aefbace76aa727d80c828173090b24bc6d6ebfb3ef4a7:71)
06-24 00:47:11.439  4900  4900 W TaskStackChangeListeners: 	at com.android.launcher3.Launcher.onCreate(r8-map-id-b54e3f57ee65fce11a8aefbace76aa727d80c828173090b24bc6d6ebfb3ef4a7:220)
06-24 00:47:11.439  4900  4900 W TaskStackChangeListeners: 	at com.android.launcher3.uioverrides.QuickstepLauncher.onCreate(r8-map-id-b54e3f57ee65fce11a8aefbace76aa727d80c828173090b24bc6d6ebfb3ef4a7:19)
06-24 00:47:11.439  4900  4900 W TaskStackChangeListeners: 	at app.lawnchair.LawnchairLauncher.onCreate(r8-map-id-b54e3f57ee65fce11a8aefbace76aa727d80c828173090b24bc6d6ebfb3ef4a7:33)
06-24 00:47:11.439  4900  4900 W TaskStackChangeListeners: 	at android.app.Activity.performCreate(Activity.java:9340)
06-24 00:47:11.439  4900  4900 W TaskStackChangeListeners: 	at android.app.Activity.performCreate(Activity.java:9318)
06-24 00:47:11.439  4900  4900 W TaskStackChangeListeners: 	at android.app.Instrumentation.callActivityOnCreate(Instrumentation.java:1543)
06-24 00:47:11.439  4900  4900 W TaskStackChangeListeners: 	at android.app.ActivityThread.performLaunchActivity(ActivityThread.java:4559)
06-24 00:47:11.439  4900  4900 W TaskStackChangeListeners: 	at android.app.ActivityThread.handleLaunchActivity(ActivityThread.java:4781)
06-24 00:47:11.439  4900  4900 W TaskStackChangeListeners: 	at android.app.servertransaction.LaunchActivityItem.execute(LaunchActivityItem.java:224)
06-24 00:47:11.439  4900  4900 W TaskStackChangeListeners: 	at android.app.servertransaction.TransactionExecutor.executeNonLifecycleItem(TransactionExecutor.java:133)
06-24 00:47:11.439  4900  4900 W TaskStackChangeListeners: 	at android.app.servertransaction.TransactionExecutor.executeTransactionItems(TransactionExecutor.java:103)
06-24 00:47:11.439  4900  4900 W TaskStackChangeListeners: 	at android.app.servertransaction.TransactionExecutor.execute(TransactionExecutor.java:80)
06-24 00:47:11.439  4900  4900 W TaskStackChangeListeners: 	at android.app.ActivityThread$H.handleMessage(ActivityThread.java:3032)
06-24 00:47:11.439  4900  4900 W TaskStackChangeListeners: 	at android.os.Handler.dispatchMessageImpl(Handler.java:142)
06-24 00:47:11.439  4900  4900 W TaskStackChangeListeners: 	at android.os.Handler.dispatchMessage(Handler.java:125)
06-24 00:47:11.439  4900  4900 W TaskStackChangeListeners: 	at android.os.Looper.loopOnce(Looper.java:296)
06-24 00:47:11.439  4900  4900 W TaskStackChangeListeners: 	at android.os.Looper.loop(Looper.java:397)
06-24 00:47:11.439  4900  4900 W TaskStackChangeListeners: 	at android.app.ActivityThread.main(ActivityThread.java:9523)
06-24 00:47:11.439  4900  4900 W TaskStackChangeListeners: 	at java.lang.reflect.Method.invoke(Native Method)
06-24 00:47:11.439  4900  4900 W TaskStackChangeListeners: 	at com.android.internal.os.RuntimeInit$MethodAndArgsCaller.run(RuntimeInit.java:575)
06-24 00:47:11.439  4900  4900 W TaskStackChangeListeners: 	at com.android.internal.os.ZygoteInit.main(ZygoteInit.java:939)
06-24 00:47:11.442  4900  4900 I OverviewComponentObserver: updateOverviewTargets: mIsHomeDisabled=false, isDefaultHomeNull=false, mIsDefaultHome=true
06-24 00:47:11.442  4900  4900 D OverviewActionsView: updateActionButtonsVisibility() called: showSingleTaskActions = [true], showGroupActions = [false]
06-24 00:47:11.443   480  4020 D android.hardware.audio@7.1-impl.ranchu: 544 frames of silence written
06-24 00:47:11.455  4900  4900 D CompatChangeReporter: Compat change id reported: 309578419; UID 10228; state: ENABLED
06-24 00:47:11.455   480  4020 D android.hardware.audio@7.1-impl.ranchu: 544 frames of silence written
06-24 00:47:11.460  4900  4900 D OverviewActionsView: updateActionButtonsVisibility() called: showSingleTaskActions = [true], showGroupActions = [false]
06-24 00:47:11.464   707  1964 W ApplicationInfo: Large ApplicationInfo parcel: size=17708 package=com.google.android.googlequicksearchbox sharedLibs=3 resDirs=2 overlayPaths=2
06-24 00:47:11.467   707  1964 V GrammaticalInflectionUtils: AttributionSource: android.content.AttributionSource@a0e1a7e8 does not have READ_SYSTEM_GRAMMATICAL_GENDER permission.
06-24 00:47:11.470   480  4020 D android.hardware.audio@7.1-impl.ranchu: 544 frames of silence written
06-24 00:47:11.478   480  4020 D android.hardware.audio@7.1-impl.ranchu: 544 frames of silence written
06-24 00:47:11.481   463   463 D Zygote  : Forked child process 4956
06-24 00:47:11.482   707   750 I ActivityManager: Start proc 4956:com.google.android.googlequicksearchbox:googleapp/u0a158 for bound-service {com.google.android.googlequicksearchbox/com.google.android.apps.gsa.nowoverlayservice.DrawerOverlayService}
06-24 00:47:11.482  4900  4900 I WindowExtensionsImpl: Initializing Window Extensions, vendor API level=10, activity embedding enabled=true
06-24 00:47:11.491   480  4020 D android.hardware.audio@7.1-impl.ranchu: 544 frames of silence written
06-24 00:47:11.493  4956  4956 I libprocessgroup: Created cgroup /sys/fs/cgroup/apps/uid_10158/pid_4956
06-24 00:47:11.501   480  4020 D android.hardware.audio@7.1-impl.ranchu: 544 frames of silence written
06-24 00:47:11.506  4900  4900 W UiContextUtils: Requested context is a non-UI Context. Creating a UI-Context with display: 0. Context: Context=app.lawnchair.LawnchairApp@8366933, of which baseContext=android.app.ContextImpl@3f4bd20
06-24 00:47:11.507  4900  4900 I SplitController: Initializing Activity Embedding Controller.
06-24 00:47:11.512   480  4020 D android.hardware.audio@7.1-impl.ranchu: 544 frames of silence written
06-24 00:47:11.513  4900  4900 I SplitController: Setting embedding rules. Size: 0
06-24 00:47:11.517  4900  4900 I SplitController: Setting embedding rules. Size: 1
06-24 00:47:11.518  4956  4956 I Zygote  : Process 4956 created for com.google.android.googlequicksearchbox:googleapp
06-24 00:47:11.518  4956  4956 I chbox:googleapp: Using generational CollectorTypeCMC GC.
06-24 00:47:11.519  4956  4956 W chbox:googleapp: Unexpected CPU variant for x86: x86_64.
06-24 00:47:11.519  4956  4956 W chbox:googleapp: Known variants: atom, sandybridge, silvermont, goldmont, goldmont-plus, goldmont-without-sha-xsaves, tremont, kabylake, alderlake, pantherlake, default
06-24 00:47:11.523   480  4020 D android.hardware.audio@7.1-impl.ranchu: 544 frames of silence written
06-24 00:47:11.525  4956  4956 D nativeloader: Load libframework-connectivity-tiramisu-jni.so using APEX ns com_android_tethering for caller /apex/com.android.tethering/javalib/framework-connectivity-t.jar: ok
06-24 00:47:11.540   480  4020 D android.hardware.audio@7.1-impl.ranchu: 544 frames of silence written
06-24 00:47:11.543  4900  4900 I Surface : Creating surface for consumer unnamed-4900-1 with slotExpansion=1 for 64 slots
06-24 00:47:11.544  4956  4956 D ApplicationLoaders: Returning zygote-cached class loader: /system/framework/org.apache.http.legacy.jar
06-24 00:47:11.544  4956  4956 D ApplicationLoaders: Returning zygote-cached class loader: /system_ext/framework/androidx.window.extensions.jar
06-24 00:47:11.544  4956  4956 D ApplicationLoaders: Returning zygote-cached class loader: /system_ext/framework/androidx.window.sidecar.jar
06-24 00:47:11.546   480  4020 D android.hardware.audio@7.1-impl.ranchu: 544 frames of silence written
06-24 00:47:11.558   480  4020 D android.hardware.audio@7.1-impl.ranchu: 544 frames of silence written
06-24 00:47:11.563  4956  4956 D nativeloader: InitLlndkLibrariesProduct: libEGL.so:libGLESv1_CM.so:libGLESv2.so:libGLESv3.so:libRS.so:libandroid_net.so:libapexsupport.so:libavf.so:libbinder_ndk.so:libc.so:libcamera_metadata.so:libcgrouprc.so:libclang_rt.asan-x86_64-android.so:libcom.android.tethering.connectivity_native.so:libdl.so:libft2.so:liblog.so:libm.so:libmediandk.so:libnativewindow.so:libneuralnetworks.so:libnpumanager.so:libselinux.so:libsync.so:libvendorsupport.so:libvndksupport.so:libvulkan.so:libwrapfd.so
06-24 00:47:11.563  4956  4956 D nativeloader: Configuring product-clns-9 for unbundled product apk /product/priv-app/Velvet/Velvet.apk. target_sdk_version=36, uses_libraries=, library_path=/product/priv-app/Velvet/lib/x86_64:/product/priv-app/Velvet/Velvet.apk!/lib/x86_64:/product/lib64:/system/product/lib64, permitted_path=/data:/mnt/expand:/data/user/0/com.google.android.googlequicksearchbox:/product/lib64:/system/product/lib64
06-24 00:47:11.563  4956  4956 D nativeloader: InitVndkspLibrariesProduct: VNDK is deprecated with product
06-24 00:47:11.569   480  4020 D android.hardware.audio@7.1-impl.ranchu: 544 frames of silence written
06-24 00:47:11.571   707  1964 W ApplicationInfo: Large ApplicationInfo parcel: size=17708 package=com.google.android.googlequicksearchbox sharedLibs=3 resDirs=2 overlayPaths=2
06-24 00:47:11.576  4956  4956 V GraphicsEnvironment: Currently set values for:
06-24 00:47:11.577  4956  4956 V GraphicsEnvironment:   angle_gl_driver_selection_pkgs=[]
06-24 00:47:11.577  4956  4956 V GraphicsEnvironment:   angle_gl_driver_selection_values=[]
06-24 00:47:11.577  4956  4956 V GraphicsEnvironment: com.google.android.googlequicksearchbox is not listed in per-application setting
06-24 00:47:11.577  4956  4956 V GraphicsEnvironment: No special selections for ANGLE, returning default driver choice
06-24 00:47:11.577  4956  4956 V GraphicsEnvironment: Neither updatable production driver nor prerelease driver is supported.
06-24 00:47:11.578  4900  4900 E ConsumerBase: [ImageReader-54x54f1u2816m2-4900-1] abandonLocked: ConsumerBase is abandoned!
06-24 00:47:11.580   480  4020 D android.hardware.audio@7.1-impl.ranchu: 544 frames of silence written
06-24 00:47:11.591   480  4020 D android.hardware.audio@7.1-impl.ranchu: 544 frames of silence written
06-24 00:47:11.602   480  4020 D android.hardware.audio@7.1-impl.ranchu: 544 frames of silence written
06-24 00:47:11.614   480  4020 D android.hardware.audio@7.1-impl.ranchu: 544 frames of silence written
06-24 00:47:11.639   480  4020 D android.hardware.audio@7.1-impl.ranchu: 544 frames of silence written
06-24 00:47:11.639   480  4020 D android.hardware.audio@7.1-impl.ranchu: 544 frames of silence written
06-24 00:47:11.644  4956  4978 D nativeloader: Load /product/priv-app/Velvet/Velvet.apk!/lib/x86_64/libnative_crash_handler_jni.so using class loader ns product-clns-9 (caller=/product/priv-app/Velvet/Velvet.apk!classes2.dex): ok
06-24 00:47:11.649   480  4020 D android.hardware.audio@7.1-impl.ranchu: 544 frames of silence written
06-24 00:47:11.651  4956  4956 I eitg    : SslGuard completed installation.
06-24 00:47:11.659   480  4020 D android.hardware.audio@7.1-impl.ranchu: 544 frames of silence written
06-24 00:47:11.664  4900  4900 D OverviewActionsView: updateActionButtonsVisibility() called: showSingleTaskActions = [true], showGroupActions = [false]
06-24 00:47:11.670  4900  4900 D LawnchairApp: config_recentsComponentName (ComponentInfo{com.google.android.apps.nexuslauncher/com.android.quickstep.RecentsActivity}) is not Lawnchair, disabling recents
06-24 00:47:11.672   480  4020 D android.hardware.audio@7.1-impl.ranchu: 544 frames of silence written
06-24 00:47:11.678  4956  4956 I cvgn    : Initializing GMS Compliance Client Library...
06-24 00:47:11.679  4956  4956 I cvgn    : Checking for device compliance...
06-24 00:47:11.680  4956  4956 I cvgn    : Completed library init.
06-24 00:47:11.681   707  1964 W ApplicationInfo: Large ApplicationInfo parcel: size=17708 package=com.google.android.googlequicksearchbox sharedLibs=3 resDirs=2 overlayPaths=2
06-24 00:47:11.683   480  4020 D android.hardware.audio@7.1-impl.ranchu: 544 frames of silence written
06-24 00:47:11.693   480  4020 D android.hardware.audio@7.1-impl.ranchu: 544 frames of silence written
06-24 00:47:11.693  4956  4956 I ffkm    : (REDACTED) Scoped context discovery schemas: %s.
06-24 00:47:11.704   480  4020 D android.hardware.audio@7.1-impl.ranchu: 544 frames of silence written
06-24 00:47:11.716   480  4020 D android.hardware.audio@7.1-impl.ranchu: 544 frames of silence written
06-24 00:47:11.717  4956  4956 E btzb    : Only system and debuggable apps are allowed to connect
06-24 00:47:11.717  4956  4956 W btzb    : Unable to bind to service
06-24 00:47:11.727   480  4020 D android.hardware.audio@7.1-impl.ranchu: 544 frames of silence written
06-24 00:47:11.731  4956  4975 D nativeloader: Load /product/priv-app/Velvet/Velvet.apk!/lib/x86_64/libmappedcountercacheversionjni.so using class loader ns product-clns-9 (caller=/product/priv-app/Velvet/Velvet.apk!classes2.dex): ok
06-24 00:47:11.739   480  4020 D android.hardware.audio@7.1-impl.ranchu: 544 frames of silence written
06-24 00:47:11.749   480  4020 D android.hardware.audio@7.1-impl.ranchu: 544 frames of silence written
06-24 00:47:11.761   480  4020 D android.hardware.audio@7.1-impl.ranchu: 544 frames of silence written
06-24 00:47:11.773   480  4020 D android.hardware.audio@7.1-impl.ranchu: 544 frames of silence written
06-24 00:47:11.783   480  4020 D android.hardware.audio@7.1-impl.ranchu: 544 frames of silence written
06-24 00:47:11.795   480  4020 D android.hardware.audio@7.1-impl.ranchu: 544 frames of silence written
06-24 00:47:11.807   480  4020 D android.hardware.audio@7.1-impl.ranchu: 544 frames of silence written
06-24 00:47:11.808  4900  4900 I FEED    : 1
06-24 00:47:11.808  4900  4900 I FEED    : 2
06-24 00:47:11.818   480  4020 D android.hardware.audio@7.1-impl.ranchu: 544 frames of silence written
06-24 00:47:11.820  4900  4900 D CompatChangeReporter: Compat change id reported: 349153669; UID 10228; state: ENABLED
06-24 00:47:11.821  4900  4900 W HWUI    : Unknown dataspace 0
06-24 00:47:11.827   707  1940 W InputChannel-JNI: Channel already disposed.
06-24 00:47:11.829   480  4020 D android.hardware.audio@7.1-impl.ranchu: 544 frames of silence written
06-24 00:47:11.840   480  4020 D android.hardware.audio@7.1-impl.ranchu: 544 frames of silence written
06-24 00:47:11.853   480  4020 D android.hardware.audio@7.1-impl.ranchu: 544 frames of silence written
06-24 00:47:11.856  4900  4900 W SplitSelectStateCtor: Missing session instanceIds
06-24 00:47:11.856  4900  4900 D StatsLog: LAUNCHER_SPLIT_SELECTION_EXIT_INTERRUPTED
06-24 00:47:11.863   480  4020 D android.hardware.audio@7.1-impl.ranchu: 544 frames of silence written
06-24 00:47:11.874  4916  4916 D nativeloader: Configuring clns-9 for other apk /data/app/~~TiLG0hZeEZrCB2lLyyo5XQ==/com.kian.perficon-R48yp_be3fzwg0pAYpIurA==/base.apk. target_sdk_version=36, uses_libraries=, library_path=/data/app/~~TiLG0hZeEZrCB2lLyyo5XQ==/com.kian.perficon-R48yp_be3fzwg0pAYpIurA==/lib/x86_64:/data/app/~~TiLG0hZeEZrCB2lLyyo5XQ==/com.kian.perficon-R48yp_be3fzwg0pAYpIurA==/base.apk!/lib/x86_64, permitted_path=/data:/mnt/expand:/data/user/0/com.kian.perficon
06-24 00:47:11.875   480  4020 D android.hardware.audio@7.1-impl.ranchu: 544 frames of silence written
06-24 00:47:11.875  3581  3777 W YouTube : Empty persistent device token received from InnerTube.
06-24 00:47:11.886   480  4020 D android.hardware.audio@7.1-impl.ranchu: 544 frames of silence written
06-24 00:47:11.890  4916  4916 V GraphicsEnvironment: Currently set values for:
06-24 00:47:11.890  4916  4916 V GraphicsEnvironment:   angle_gl_driver_selection_pkgs=[]
06-24 00:47:11.890  4916  4916 V GraphicsEnvironment:   angle_gl_driver_selection_values=[]
06-24 00:47:11.890  4916  4916 V GraphicsEnvironment: com.kian.perficon is not listed in per-application setting
06-24 00:47:11.890  4916  4916 V GraphicsEnvironment: No special selections for ANGLE, returning default driver choice
06-24 00:47:11.893  4916  4916 V GraphicsEnvironment: Neither updatable production driver nor prerelease driver is supported.
06-24 00:47:11.897   480  4020 D android.hardware.audio@7.1-impl.ranchu: 544 frames of silence written
06-24 00:47:11.909   480  4020 D android.hardware.audio@7.1-impl.ranchu: 544 frames of silence written
06-24 00:47:11.914   707  1878 W ApplicationInfo: Large ApplicationInfo parcel: size=17708 package=com.google.android.googlequicksearchbox sharedLibs=3 resDirs=2 overlayPaths=2
06-24 00:47:11.921  4900  4900 D WindowOnBackDispatcher: setTopOnBackInvokedCallback (unwrapped): android.app.Activity$$ExternalSyntheticLambda0@2e08036
06-24 00:47:11.921  4900  4900 D WindowOnBackDispatcher: setTopOnBackInvokedCallback (unwrapped): com.android.launcher3.uioverrides.QuickstepLauncher$2@d3d28a4
06-24 00:47:11.921   707   871 D CoreBackPreview: Window{bb000a1 u0 app.lawnchair/app.lawnchair.LawnchairLauncher}: Setting back callback OnBackInvokedCallbackInfo{mCallback=android.window.IOnBackInvokedCallback$Stub$Proxy@5a69920, mPriority=-1, mIsAnimationCallback=false, mOverrideBehavior=0}
06-24 00:47:11.921   707   871 D CoreBackPreview: Window{bb000a1 u0 app.lawnchair/app.lawnchair.LawnchairLauncher}: Setting back callback OnBackInvokedCallbackInfo{mCallback=android.window.IOnBackInvokedCallback$Stub$Proxy@95722d9, mPriority=0, mIsAnimationCallback=true, mOverrideBehavior=0}
06-24 00:47:11.922   480  4020 D android.hardware.audio@7.1-impl.ranchu: 544 frames of silence written
06-24 00:47:11.929  4956  4977 I cvgn    : (REDACTED) Device Compliance Fetch time taken = %sms
06-24 00:47:11.929  4956  4977 I cvgn    : Device is compliant!
06-24 00:47:11.930  4956  4977 I cvgn    : Invoking "compliant" action...
06-24 00:47:11.931   480  4020 D android.hardware.audio@7.1-impl.ranchu: 544 frames of silence written
06-24 00:47:11.933   707  1940 W ActivityTaskManager: Permission Denial: registerTaskStackListener() from pid=4900, uid=10228 requires android.permission.MANAGE_ACTIVITY_TASKS
06-24 00:47:11.939  4900  4900 W TaskStackChangeListeners: Failed to call registerTaskStackListener
06-24 00:47:11.939  4900  4900 W TaskStackChangeListeners: java.lang.SecurityException: Permission Denial: registerTaskStackListener() from pid=4900, uid=10228 requires android.permission.MANAGE_ACTIVITY_TASKS
06-24 00:47:11.939  4900  4900 W TaskStackChangeListeners: 	at android.os.Parcel.createExceptionOrNull(Parcel.java:3392)
06-24 00:47:11.939  4900  4900 W TaskStackChangeListeners: 	at android.os.Parcel.createException(Parcel.java:3376)
06-24 00:47:11.939  4900  4900 W TaskStackChangeListeners: 	at android.os.Parcel.readException(Parcel.java:3359)
06-24 00:47:11.939  4900  4900 W TaskStackChangeListeners: 	at android.os.Parcel.readException(Parcel.java:3301)
06-24 00:47:11.939  4900  4900 W TaskStackChangeListeners: 	at android.app.IActivityTaskManager$Stub$Proxy.registerTaskStackListener(IActivityTaskManager.java:3052)
06-24 00:47:11.939  4900  4900 W TaskStackChangeListeners: 	at com.android.systemui.shared.system.TaskStackChangeListeners$Impl.addListener(r8-map-id-b54e3f57ee65fce11a8aefbace76aa727d80c828173090b24bc6d6ebfb3ef4a7:23)
06-24 00:47:11.939  4900  4900 W TaskStackChangeListeners: 	at com.android.systemui.shared.system.TaskStackChangeListeners.registerTaskStackListener(r8-map-id-b54e3f57ee65fce11a8aefbace76aa727d80c828173090b24bc6d6ebfb3ef4a7:6)
06-24 00:47:11.939  4900  4900 W TaskStackChangeListeners: 	at com.android.quickstep.views.RecentsView.onAttachedToWindow(r8-map-id-b54e3f57ee65fce11a8aefbace76aa727d80c828173090b24bc6d6ebfb3ef4a7:35)
06-24 00:47:11.939  4900  4900 W TaskStackChangeListeners: 	at android.view.View.dispatchAttachedToWindow(View.java:23535)
06-24 00:47:11.939  4900  4900 W TaskStackChangeListeners: 	at android.view.ViewGroup.dispatchAttachedToWindow(ViewGroup.java:3627)
06-24 00:47:11.939  4900  4900 W TaskStackChangeListeners: 	at android.view.ViewGroup.dispatchAttachedToWindow(ViewGroup.java:3634)
06-24 00:47:11.939  4900  4900 W TaskStackChangeListeners: 	at android.view.ViewGroup.dispatchAttachedToWindow(ViewGroup.java:3634)
06-24 00:47:11.939  4900  4900 W TaskStackChangeListeners: 	at android.view.ViewGroup.dispatchAttachedToWindow(ViewGroup.java:3634)
06-24 00:47:11.939  4900  4900 W TaskStackChangeListeners: 	at android.view.ViewGroup.dispatchAttachedToWindow(ViewGroup.java:3634)
06-24 00:47:11.939  4900  4900 W TaskStackChangeListeners: 	at android.view.ViewGroup.dispatchAttachedToWindow(ViewGroup.java:3634)
06-24 00:47:11.939  4900  4900 W TaskStackChangeListeners: 	at android.view.ViewRootImpl.performTraversals(ViewRootImpl.java:4017)
06-24 00:47:11.939  4900  4900 W TaskStackChangeListeners: 	at android.view.ViewRootImpl.doTraversal(ViewRootImpl.java:3351)
06-24 00:47:11.939  4900  4900 W TaskStackChangeListeners: 	at android.view.ViewRootImpl$TraversalCallback.onVsync(ViewRootImpl.java:11448)
06-24 00:47:11.939  4900  4900 W TaskStackChangeListeners: 	at android.view.Choreographer$CallbackRecord.run(Choreographer.java:1664)
06-24 00:47:11.939  4900  4900 W TaskStackChangeListeners: 	at android.view.Choreographer.doCallbacks(Choreographer.java:1252)
06-24 00:47:11.939  4900  4900 W TaskStackChangeListeners: 	at android.view.Choreographer.doFrame(Choreographer.java:1209)
06-24 00:47:11.939  4900  4900 W TaskStackChangeListeners: 	at android.view.Choreographer$FrameDisplayEventReceiver.run(Choreographer.java:1640)
06-24 00:47:11.939  4900  4900 W TaskStackChangeListeners: 	at android.os.Handler.handleCallback(Handler.java:1095)
06-24 00:47:11.939  4900  4900 W TaskStackChangeListeners: 	at android.os.Handler.dispatchMessageImpl(Handler.java:135)
06-24 00:47:11.939  4900  4900 W TaskStackChangeListeners: 	at android.os.Handler.dispatchMessage(Handler.java:125)
06-24 00:47:11.939  4900  4900 W TaskStackChangeListeners: 	at android.os.Looper.loopOnce(Looper.java:296)
06-24 00:47:11.939  4900  4900 W TaskStackChangeListeners: 	at android.os.Looper.loop(Looper.java:397)
06-24 00:47:11.939  4900  4900 W TaskStackChangeListeners: 	at android.app.ActivityThread.main(ActivityThread.java:9523)
06-24 00:47:11.939  4900  4900 W TaskStackChangeListeners: 	at java.lang.reflect.Method.invoke(Native Method)
06-24 00:47:11.939  4900  4900 W TaskStackChangeListeners: 	at com.android.internal.os.RuntimeInit$MethodAndArgsCaller.run(RuntimeInit.java:575)
06-24 00:47:11.939  4900  4900 W TaskStackChangeListeners: 	at com.android.internal.os.ZygoteInit.main(ZygoteInit.java:939)
06-24 00:47:11.941  4900  4900 D VRI[LawnchairLauncher]: WindowInsets changed: 1280x2856 statusBars:[0,156,0,0] navigationBars:[0,0,0,144] mandatorySystemGestures:[0,192,0,144] 
06-24 00:47:11.943   480  4020 D android.hardware.audio@7.1-impl.ranchu: 544 frames of silence written
06-24 00:47:11.943  4900  4900 D OverviewActionsView: updateActionButtonsVisibility() called: showSingleTaskActions = [true], showGroupActions = [false]
06-24 00:47:11.954   480  4020 D android.hardware.audio@7.1-impl.ranchu: 544 frames of silence written
06-24 00:47:11.965   480  4020 D android.hardware.audio@7.1-impl.ranchu: 544 frames of silence written
06-24 00:47:11.976   480  4020 D android.hardware.audio@7.1-impl.ranchu: 544 frames of silence written
06-24 00:47:11.981   707  1940 D WindowManager: setClientSurface Surface(name=VRI-app.lawnchair/app.lawnchair.LawnchairLauncher#188)/@0x6b3ecaa for bb000a1 app.lawnchair/app.lawnchair.LawnchairLauncher
06-24 00:47:11.988   480  4020 D android.hardware.audio@7.1-impl.ranchu: 544 frames of silence written
06-24 00:47:11.991  4900  4938 D CompatChangeReporter: Compat change id reported: 270674727; UID 10228; state: ENABLED
06-24 00:47:11.992  4900  4938 D RestoreDbTask: No restore task pending, exiting RestoreDbTask
06-24 00:47:11.993  4900  4938 D LauncherProvider: migrateGridIfNeeded: no grid migration needed
06-24 00:47:11.993  4900  4938 D LoaderTask: loadWorkspace: loading default favorites
06-24 00:47:12.002  4916  4999 I DisplayManager: Choreographer implicitly registered for the refresh rate.
06-24 00:47:12.002   480  4020 D android.hardware.audio@7.1-impl.ranchu: 544 frames of silence written
06-24 00:47:12.016  4900  4900 I Surface : Creating surface for consumer unnamed-4900-2 with slotExpansion=1 for 64 slots
06-24 00:47:12.016  1016  1748 V WindowManagerShell: onTransitionReady(transaction=3036541879582)
06-24 00:47:12.017  1016  1047 V WindowManagerShell: onTransitionReady (#9) android.os.BinderProxy@7cf8235: {id=9 t=CLOSE f=0x0 trk=0 r=[0@Point(0, 0)] c=[
06-24 00:47:12.017  1016  1047 V WindowManagerShell:         {m=OPEN f=MOVE_TO_TOP|FLAG_CHANGED_INTERACTIVE leash=Surface(name=Task=408#183)/@0x60bd0cc sb=Rect(0, 0 - 1280, 2856) eb=Rect(0, 0 - 1280, 2856) epz=Point(1280, 2856) d=0 taskParent=-1 winMode=1 userId=0},
06-24 00:47:12.017  1016  1047 V WindowManagerShell:         {m=TO_BACK f=FLAG_CHANGED_INTERACTIVE leash=Surface(name=Task=407#105)/@0x66e3f15 sb=Rect(0, 0 - 1280, 2856) eb=Rect(0, 0 - 1280, 2856) epz=Point(1280, 2856) d=0 taskParent=-1 winMode=1 userId=0}
06-24 00:47:12.017  1016  1047 V WindowManagerShell:     ]}
06-24 00:47:12.017  1016  1047 V WindowManagerShell: Playing animation for (#9) android.os.BinderProxy@7cf8235@0
06-24 00:47:12.018  1016  1047 D ShellSplitScreen: startAnimation: transition=9 isSplitActive=false
06-24 00:47:12.018  1016  1047 V ShellRecents: RecentsTransitionHandler.startAnimation: no controller found
06-24 00:47:12.018  1016  1047 V ShellDesktopMode: DesktopMixedTransitionHandler: No pending desktop transition
06-24 00:47:12.018  1016  1047 V WindowManagerShell: Transition doesn't have explicit remote, search filters for match for {id=9 t=CLOSE f=0x0 trk=0 r=[0@Point(0, 0)] c=[{m=OPEN f=MOVE_TO_TOP|FLAG_CHANGED_INTERACTIVE leash=Surface(name=Task=408#183)/@0x60bd0cc sb=Rect(0, 0 - 1280, 2856) eb=Rect(0, 0 - 1280, 2856) epz=Point(1280, 2856) d=0 taskParent=-1 winMode=1 userId=0},{m=TO_BACK f=FLAG_CHANGED_INTERACTIVE leash=Surface(name=Task=407#105)/@0x66e3f15 sb=Rect(0, 0 - 1280, 2856) eb=Rect(0, 0 - 1280, 2856) epz=Point(1280, 2856) d=0 taskParent=-1 winMode=1 userId=0}]}
06-24 00:47:12.018  1016  1047 V WindowManagerShell:  Checking filter Pair{{types=[OPEN,TO_FRONT] flags=0x0 notFlags=0x0 checks=[{atype=standard independent=true modes=[OPEN,TO_FRONT] flags=NONE mustBeTask=true order=ANY topActivity=null launchCookie=null windowingMode=freeform isCrossDisplayMove=false}]} RemoteTransition { remoteTransition = android.window.IRemoteTransition$Stub$Proxy@8a66e3b, appThread = null, debugName = DesktopWindowLimitUnminimize, filter = {types=[OPEN,TO_FRONT] flags=0x0 notFlags=0x0 checks=[{atype=standard independent=true modes=[OPEN,TO_FRONT] flags=NONE mustBeTask=true order=ANY topActivity=null launchCookie=null windowingMode=freeform isCrossDisplayMove=false}]} }}
06-24 00:47:12.018  1016  1047 V WindowManagerShell:  Delegate animation for (#9) to null
06-24 00:47:12.018  1016  1047 V WindowManagerShell: start default transition animation, info = {id=9 t=CLOSE f=0x0 trk=0 r=[0@Point(0, 0)] c=[{m=OPEN f=MOVE_TO_TOP|FLAG_CHANGED_INTERACTIVE leash=Surface(name=Task=408#183)/@0x60bd0cc sb=Rect(0, 0 - 1280, 2856) eb=Rect(0, 0 - 1280, 2856) epz=Point(1280, 2856) d=0 taskParent=-1 winMode=1 userId=0},{m=TO_BACK f=FLAG_CHANGED_INTERACTIVE leash=Surface(name=Task=407#105)/@0x66e3f15 sb=Rect(0, 0 - 1280, 2856) eb=Rect(0, 0 - 1280, 2856) epz=Point(1280, 2856) d=0 taskParent=-1 winMode=1 userId=0}]}
06-24 00:47:12.019  1016  1047 V WindowManagerShell: loadAnimation: anim=android.view.animation.AnimationSet@68b2db8 animAttr=0xb type=CLOSE isEntrance=false
06-24 00:47:12.021  4900  4900 I Surface : Creating surface for consumer VRI[LawnchairLauncher]#0(BLAST Consumer)0 with slotExpansion=1 for 64 slots
06-24 00:47:12.023  1188  1328 D SatelliteController: isInCarrierRoamingNbIotNtn: satellite is disabled
06-24 00:47:12.023  1188  1328 D SatelliteController: getCarrierRoamingNtnConnectType: Checking connect type from PLMN config for subId: 1
06-24 00:47:12.023  1188  1328 D TelephonyConfigUpdateInstallReceiver: getConfigParser: domain=satellite
06-24 00:47:12.023  1188  1328 V SatelliteController: satelliteConfigParser is not ready
06-24 00:47:12.023  1188  1328 D SatelliteController: isSatelliteAttachSupportedViaConfigupdater: return null (satelliteConfig is null)
06-24 00:47:12.024  4900  4938 D LoaderTask: loadWorkspace: Packages with active install sessions: [com.nature.iconpackImported3]
06-24 00:47:12.029  1188  1328 D SatelliteController: getSatellitePerPlmnConfiguration: invalid subId or not supported via carrier.
06-24 00:47:12.029  1188  1328 D SatelliteController: getCarrierRoamingNtnConnectType: config: null
06-24 00:47:12.030  4900  4938 D LoaderTask: No pinned shortcuts found for user UserHandle{0}
06-24 00:47:12.031  1188  1328 D TelephonyConfigUpdateInstallReceiver: getConfigParser: domain=satellite
06-24 00:47:12.031  1188  1328 V SatelliteController: satelliteConfigParser is not ready
06-24 00:47:12.031  1188  1328 D SatelliteController: getCarrierRoamingNtnConnectTypeViaConfigUpdater: return null (satelliteConfig is null)
06-24 00:47:12.032  1188  1328 D SatelliteController: getCarrierRoamingNtnConnectType: Falling back to global carrier config connect type: 0
06-24 00:47:12.032  1188  1328 D TelephonyConfigUpdateInstallReceiver: getConfigParser: domain=satellite
06-24 00:47:12.032  1188  1328 V SatelliteController: satelliteConfigParser is not ready
06-24 00:47:12.032  1188  1328 D SatelliteController: isSatelliteAttachSupportedViaConfigupdater: return null (satelliteConfig is null)
06-24 00:47:12.033  1188  1328 D SatelliteController: getCarrierRoamingNtnConnectType: Checking connect type from PLMN config for subId: 1
06-24 00:47:12.033  1188  1328 D TelephonyConfigUpdateInstallReceiver: getConfigParser: domain=satellite
06-24 00:47:12.033  1188  1328 V SatelliteController: satelliteConfigParser is not ready
06-24 00:47:12.033  1188  1328 D SatelliteController: isSatelliteAttachSupportedViaConfigupdater: return null (satelliteConfig is null)
06-24 00:47:12.033  1188  1328 D SatelliteController: getSatellitePerPlmnConfiguration: invalid subId or not supported via carrier.
06-24 00:47:12.033  1188  1328 D SatelliteController: getCarrierRoamingNtnConnectType: config: null
06-24 00:47:12.033  1188  1328 D TelephonyConfigUpdateInstallReceiver: getConfigParser: domain=satellite
06-24 00:47:12.033  1188  1328 V SatelliteController: satelliteConfigParser is not ready
06-24 00:47:12.033  1188  1328 D SatelliteController: getCarrierRoamingNtnConnectTypeViaConfigUpdater: return null (satelliteConfig is null)
06-24 00:47:12.037  1188  1328 D SatelliteController: getCarrierRoamingNtnConnectType: Falling back to global carrier config connect type: 0
06-24 00:47:12.037  1188  1328 D TelephonyConfigUpdateInstallReceiver: getConfigParser: domain=satellite
06-24 00:47:12.037  1188  1328 V SatelliteController: satelliteConfigParser is not ready
06-24 00:47:12.037  1188  1328 D SatelliteController: isSatelliteAttachSupportedViaConfigupdater: return null (satelliteConfig is null)
06-24 00:47:12.049   532   562 W skia    : AGTM parsing failed flags.readFromStream(s) at 159
06-24 00:47:12.063  4916  4999 I GFXSTREAM: [eglDisplay.cpp(297)] Opening libGLESv1_CM_emulation.so
06-24 00:47:12.063  4916  4999 I GFXSTREAM: [eglDisplay.cpp(297)] Opening libGLESv2_emulation.so
06-24 00:47:12.064  4916  4999 W libc    : Access denied finding property "vendor.mesa.virtgpu.kumquat"
06-24 00:47:12.069  4916  4999 W HWUI    : Failed to choose config with EGL_SWAP_BEHAVIOR_PRESERVED, retrying without...
06-24 00:47:12.069  4916  4999 W HWUI    : Failed to initialize 101010-2 format, error = EGL_SUCCESS
06-24 00:47:12.091   480  4020 D android.hardware.audio@7.1-impl.ranchu: 544 frames of silence written
06-24 00:47:12.091   480  4020 D android.hardware.audio@7.1-impl.ranchu: 544 frames of silence written
06-24 00:47:12.091   480  4020 D android.hardware.audio@7.1-impl.ranchu: 544 frames of silence written
06-24 00:47:12.092   480  4020 D android.hardware.audio@7.1-impl.ranchu: 544 frames of silence written
06-24 00:47:12.096   707   737 V WindowManager: Sent Transition (#9) createdAt=06-24 00:47:10.220 via request=TransitionRequestInfo { type = CLOSE, triggerTask = null, pipChange = null, remoteTransitionInfo = null, displayChanges = null, requestedLocation = null, userChange = null, windowingLayerChange = null, fullscreenRequestChange = null, flags = 0, debugId = 9 }
06-24 00:47:12.097   707   737 V WindowManager:     startWCT=WindowContainerTransaction { changes= {} hops= [] flags= 0 errorCallbackToken=null taskFragmentOrganizer=null }
06-24 00:47:12.097   707   737 V WindowManager:     info={id=9 t=CLOSE f=0x0 trk=0 r=[0@Point(0, 0)] c=[
06-24 00:47:12.097   707   737 V WindowManager:         {WCT{RemoteToken{fd66381 Task{35de2d1 #408 type=standard A=10229:com.kian.perficon}}} m=OPEN f=MOVE_TO_TOP|FLAG_CHANGED_INTERACTIVE leash=Surface(name=Task=408#183)/@0x45af14e sb=Rect(0, 0 - 1280, 2856) eb=Rect(0, 0 - 1280, 2856) epz=Point(1280, 2856) d=0 taskParent=-1 winMode=1 userId=0},
06-24 00:47:12.097   707   737 V WindowManager:         {WCT{RemoteToken{64e129a Task{fce6f3a #407 type=standard A=10229:com.kian.perficon}}} m=TO_BACK f=FLAG_CHANGED_INTERACTIVE leash=Surface(name=Task=407#105)/@0x62affbc sb=Rect(0, 0 - 1280, 2856) eb=Rect(0, 0 - 1280, 2856) epz=Point(1280, 2856) d=0 taskParent=-1 winMode=1 userId=0}
06-24 00:47:12.097   707   737 V WindowManager:     ]}
06-24 00:47:12.103   480  4020 D android.hardware.audio@7.1-impl.ranchu: 544 frames of silence written
06-24 00:47:12.115   480  4020 D android.hardware.audio@7.1-impl.ranchu: 544 frames of silence written
06-24 00:47:12.126   480  4020 D android.hardware.audio@7.1-impl.ranchu: 544 frames of silence written
06-24 00:47:12.137   480  4020 D android.hardware.audio@7.1-impl.ranchu: 544 frames of silence written
06-24 00:47:12.148   480  4020 D android.hardware.audio@7.1-impl.ranchu: 544 frames of silence written
06-24 00:47:12.156  1016  1047 V WindowManagerShell: loadAnimation: anim=android.view.animation.AnimationSet@1b9fbd0 animAttr=0xa type=CLOSE isEntrance=true
06-24 00:47:12.158   707   871 W ApplicationInfo: Large ApplicationInfo parcel: size=17708 package=com.google.android.googlequicksearchbox sharedLibs=3 resDirs=2 overlayPaths=2
06-24 00:47:12.160   480  4020 D android.hardware.audio@7.1-impl.ranchu: 544 frames of silence written
06-24 00:47:12.172   480  4020 D android.hardware.audio@7.1-impl.ranchu: 544 frames of silence written
06-24 00:47:12.183   480  4020 D android.hardware.audio@7.1-impl.ranchu: 544 frames of silence written
06-24 00:47:12.190  4916  4916 D DesktopExperienceFlags: Toggle override initialized to: false
06-24 00:47:12.195   480  4020 D android.hardware.audio@7.1-impl.ranchu: 544 frames of silence written
06-24 00:47:12.196  1016  1047 V WindowManagerShell:  animated by com.android.wm.shell.transition.DefaultTransitionHandler@8389d42
06-24 00:47:12.197  1016  1047 V ShellTaskOrganizer: Task appeared taskId=408 listener=FullscreenTaskListener
06-24 00:47:12.197  1016  1047 V ShellTaskOrganizer: Fullscreen Task Appeared: #408
06-24 00:47:12.197  1016  1047 V RecentTasksController: Notify recent tasks changed
06-24 00:47:12.209   480  4020 D android.hardware.audio@7.1-impl.ranchu: 544 frames of silence written
06-24 00:47:12.215  1199  1199 D RecentTasksList: invalidateLoadedTasks - previous requestLoadId: -1
06-24 00:47:12.217   480  4020 D android.hardware.audio@7.1-impl.ranchu: 544 frames of silence written
06-24 00:47:12.217   707   871 W ApplicationInfo: Large ApplicationInfo parcel: size=17708 package=com.google.android.googlequicksearchbox sharedLibs=3 resDirs=2 overlayPaths=2
06-24 00:47:12.227  4916  4916 D CompatChangeReporter: Compat change id reported: 377864165; UID 10229; state: ENABLED
06-24 00:47:12.228   480  4020 D android.hardware.audio@7.1-impl.ranchu: 544 frames of silence written
06-24 00:47:12.231   497   497 I RanchuHwc: logCompositionFallbackIfChanged: layer 32 CompositionType fallback from 3 to 1
06-24 00:47:12.237   532   562 W skia    : AGTM parsing failed flags.readFromStream(s) at 159
06-24 00:47:12.237   532   562 W skia    : AGTM parsing failed flags.readFromStream(s) at 159
06-24 00:47:12.237   532   562 W skia    : AGTM parsing failed flags.readFromStream(s) at 159
06-24 00:47:12.238   532   562 W skia    : AGTM parsing failed flags.readFromStream(s) at 159
06-24 00:47:12.238   532   562 W skia    : AGTM parsing failed flags.readFromStream(s) at 159
06-24 00:47:12.239   480  4020 D android.hardware.audio@7.1-impl.ranchu: 544 frames of silence written
06-24 00:47:12.249   532   562 W skia    : AGTM parsing failed flags.readFromStream(s) at 159
06-24 00:47:12.249   532   562 W skia    : AGTM parsing failed flags.readFromStream(s) at 159
06-24 00:47:12.249   532   562 W skia    : AGTM parsing failed flags.readFromStream(s) at 159
06-24 00:47:12.249   532   562 W skia    : AGTM parsing failed flags.readFromStream(s) at 159
06-24 00:47:12.249   532   562 W skia    : AGTM parsing failed flags.readFromStream(s) at 159
06-24 00:47:12.251   480  4020 D android.hardware.audio@7.1-impl.ranchu: 544 frames of silence written
06-24 00:47:12.261   707  1878 W ApplicationInfo: Large ApplicationInfo parcel: size=17708 package=com.google.android.googlequicksearchbox sharedLibs=3 resDirs=2 overlayPaths=2
06-24 00:47:12.262   480  4020 D android.hardware.audio@7.1-impl.ranchu: 544 frames of silence written
06-24 00:47:12.265   532   562 W skia    : AGTM parsing failed flags.readFromStream(s) at 159
06-24 00:47:12.265   532   562 W skia    : AGTM parsing failed flags.readFromStream(s) at 159
06-24 00:47:12.265   532   562 W skia    : AGTM parsing failed flags.readFromStream(s) at 159
06-24 00:47:12.265   532   562 W skia    : AGTM parsing failed flags.readFromStream(s) at 159
06-24 00:47:12.265   532   562 W skia    : AGTM parsing failed flags.readFromStream(s) at 159
06-24 00:47:12.274   480  4020 D android.hardware.audio@7.1-impl.ranchu: 544 frames of silence written
06-24 00:47:12.282   532   562 W skia    : AGTM parsing failed flags.readFromStream(s) at 159
06-24 00:47:12.282   532   562 W skia    : AGTM parsing failed flags.readFromStream(s) at 159
06-24 00:47:12.282   532   562 W skia    : AGTM parsing failed flags.readFromStream(s) at 159
06-24 00:47:12.282   532   562 W skia    : AGTM parsing failed flags.readFromStream(s) at 159
06-24 00:47:12.282   532   562 W skia    : AGTM parsing failed flags.readFromStream(s) at 159
06-24 00:47:12.282   532   562 W skia    : AGTM parsing failed flags.readFromStream(s) at 159
06-24 00:47:12.285   480  4020 D android.hardware.audio@7.1-impl.ranchu: 544 frames of silence written
06-24 00:47:12.297   480  4020 D android.hardware.audio@7.1-impl.ranchu: 544 frames of silence written
06-24 00:47:12.298   532   562 W skia    : AGTM parsing failed flags.readFromStream(s) at 159
06-24 00:47:12.298   532   562 W skia    : AGTM parsing failed flags.readFromStream(s) at 159
06-24 00:47:12.298   532   562 W skia    : AGTM parsing failed flags.readFromStream(s) at 159
06-24 00:47:12.298   532   562 W skia    : AGTM parsing failed flags.readFromStream(s) at 159
06-24 00:47:12.298   532   562 W skia    : AGTM parsing failed flags.readFromStream(s) at 159
06-24 00:47:12.298   532   562 W skia    : AGTM parsing failed flags.readFromStream(s) at 159
06-24 00:47:12.307   480  4020 D android.hardware.audio@7.1-impl.ranchu: 544 frames of silence written
06-24 00:47:12.315   532   562 W skia    : AGTM parsing failed flags.readFromStream(s) at 159
06-24 00:47:12.316   532   562 W skia    : AGTM parsing failed flags.readFromStream(s) at 159
06-24 00:47:12.316   532   562 W skia    : AGTM parsing failed flags.readFromStream(s) at 159
06-24 00:47:12.316   532   562 W skia    : AGTM parsing failed flags.readFromStream(s) at 159
06-24 00:47:12.316   532   562 W skia    : AGTM parsing failed flags.readFromStream(s) at 159
06-24 00:47:12.316   532   562 W skia    : AGTM parsing failed flags.readFromStream(s) at 159
06-24 00:47:12.318   480  4020 D android.hardware.audio@7.1-impl.ranchu: 544 frames of silence written
06-24 00:47:12.331   532   562 W skia    : AGTM parsing failed flags.readFromStream(s) at 159
06-24 00:47:12.331   532   562 W skia    : AGTM parsing failed flags.readFromStream(s) at 159
06-24 00:47:12.331   532   562 W skia    : AGTM parsing failed flags.readFromStream(s) at 159
06-24 00:47:12.331   480  4020 D android.hardware.audio@7.1-impl.ranchu: 544 frames of silence written
06-24 00:47:12.331   532   562 W skia    : AGTM parsing failed flags.readFromStream(s) at 159
06-24 00:47:12.331   532   562 W skia    : AGTM parsing failed flags.readFromStream(s) at 159
06-24 00:47:12.331   532   562 W skia    : AGTM parsing failed flags.readFromStream(s) at 159
06-24 00:47:12.341   480  4020 D android.hardware.audio@7.1-impl.ranchu: 544 frames of silence written
06-24 00:47:12.350   532   562 W skia    : AGTM parsing failed flags.readFromStream(s) at 159
06-24 00:47:12.350   532   562 W skia    : AGTM parsing failed flags.readFromStream(s) at 159
06-24 00:47:12.350   532   562 W skia    : AGTM parsing failed flags.readFromStream(s) at 159
06-24 00:47:12.350   532   562 W skia    : AGTM parsing failed flags.readFromStream(s) at 159
06-24 00:47:12.350   532   562 W skia    : AGTM parsing failed flags.readFromStream(s) at 159
06-24 00:47:12.350   532   562 W skia    : AGTM parsing failed flags.readFromStream(s) at 159
06-24 00:47:12.354   480  4020 D android.hardware.audio@7.1-impl.ranchu: 544 frames of silence written
06-24 00:47:12.354  1624  1624 D WM-DelayedWorkTracker: Scheduling work def2911f-e550-45b9-8702-9b3891a8a3f6
06-24 00:47:12.354  1624  1624 D WM-GreedyScheduler: Starting tracking for def2911f-e550-45b9-8702-9b3891a8a3f6
06-24 00:47:12.355  1624  1826 D WM-ConstraintTracker: BatteryNotLowTracker: initial state = true
06-24 00:47:12.355  1624  1826 D WM-BrdcstRcvrCnstrntTrc: BatteryNotLowTracker: registering receiver
06-24 00:47:12.356  1624  1826 D WM-GreedyScheduler: Constraints met: Scheduling work ID WorkGenerationalId(workSpecId=def2911f-e550-45b9-8702-9b3891a8a3f6, generation=0)
06-24 00:47:12.361  1624  2043 D WM-Processor: Processor: processing WorkGenerationalId(workSpecId=def2911f-e550-45b9-8702-9b3891a8a3f6, generation=0)
06-24 00:47:12.365   532   562 W skia    : AGTM parsing failed flags.readFromStream(s) at 159
06-24 00:47:12.365   532   562 W skia    : AGTM parsing failed flags.readFromStream(s) at 159
06-24 00:47:12.365   532   562 W skia    : AGTM parsing failed flags.readFromStream(s) at 159
06-24 00:47:12.365   532   562 W skia    : AGTM parsing failed flags.readFromStream(s) at 159
06-24 00:47:12.365   532   562 W skia    : AGTM parsing failed flags.readFromStream(s) at 159
06-24 00:47:12.365   532   562 W skia    : AGTM parsing failed flags.readFromStream(s) at 159
06-24 00:47:12.365   480  4020 D android.hardware.audio@7.1-impl.ranchu: 544 frames of silence written
06-24 00:47:12.369  4916  4916 W HWUI    : Unknown dataspace 0
06-24 00:47:12.377  4900  4938 I Launcher.IconCache: Database bulk icon loading failed, using fallback bulk icon loading for: ComponentInfo{bin.mt.plus/bin.mt.plus.MainLightIcon}
06-24 00:47:12.378  4916  5006 W libc    : Access denied finding property "vendor.mesa.virtgpu.kumquat"
06-24 00:47:12.379   480  4020 D android.hardware.audio@7.1-impl.ranchu: 544 frames of silence written
06-24 00:47:12.382   532   562 W skia    : AGTM parsing failed flags.readFromStream(s) at 159
06-24 00:47:12.382   532   562 W skia    : AGTM parsing failed flags.readFromStream(s) at 159
06-24 00:47:12.382   532   562 W skia    : AGTM parsing failed flags.readFromStream(s) at 159
06-24 00:47:12.382   532   562 W skia    : AGTM parsing failed flags.readFromStream(s) at 159
06-24 00:47:12.382   532   562 W skia    : AGTM parsing failed flags.readFromStream(s) at 159
06-24 00:47:12.382   532   562 W skia    : AGTM parsing failed flags.readFromStream(s) at 159
06-24 00:47:12.386  1624  1624 D WM-WorkerWrapper: Starting work for com.android.providers.media.photopicker.sync.ProactiveSyncWorker
06-24 00:47:12.388   707   871 W InputChannel-JNI: Channel already disposed.
06-24 00:47:12.389   480  4020 D android.hardware.audio@7.1-impl.ranchu: 544 frames of silence written
06-24 00:47:12.396  4900  4938 I Launcher.IconCache: Database bulk icon loading failed, using fallback bulk icon loading for: ComponentInfo{com.google.android.apps.photos/com.google.android.apps.photos.home.HomeActivity}
06-24 00:47:12.399   532   562 W skia    : AGTM parsing failed flags.readFromStream(s) at 159
06-24 00:47:12.399   480  4020 D android.hardware.audio@7.1-impl.ranchu: 544 frames of silence written
06-24 00:47:12.399   532   562 W skia    : AGTM parsing failed flags.readFromStream(s) at 159
06-24 00:47:12.399   532   562 W skia    : AGTM parsing failed flags.readFromStream(s) at 159
06-24 00:47:12.399   532   562 W skia    : AGTM parsing failed flags.readFromStream(s) at 159
06-24 00:47:12.399   532   562 W skia    : AGTM parsing failed flags.readFromStream(s) at 159
06-24 00:47:12.399   532   562 W skia    : AGTM parsing failed flags.readFromStream(s) at 159
06-24 00:47:12.401  4916  4916 D WindowOnBackDispatcher: setTopOnBackInvokedCallback (unwrapped): android.app.Activity$$ExternalSyntheticLambda0@241b94f
06-24 00:47:12.405   707   871 D CoreBackPreview: Window{aa3f0e5 u0 com.kian.perficon/com.kian.perficon.MainActivity}: Setting back callback OnBackInvokedCallbackInfo{mCallback=android.window.IOnBackInvokedCallback$Stub$Proxy@1a6a5c8, mPriority=-1, mIsAnimationCallback=false, mOverrideBehavior=0}
06-24 00:47:12.410   480  4020 D android.hardware.audio@7.1-impl.ranchu: 544 frames of silence written
06-24 00:47:12.415   532   562 W skia    : AGTM parsing failed flags.readFromStream(s) at 159
06-24 00:47:12.415   532   562 W skia    : AGTM parsing failed flags.readFromStream(s) at 159
06-24 00:47:12.415   532   562 W skia    : AGTM parsing failed flags.readFromStream(s) at 159
06-24 00:47:12.415   532   562 W skia    : AGTM parsing failed flags.readFromStream(s) at 159
06-24 00:47:12.415   532   562 W skia    : AGTM parsing failed flags.readFromStream(s) at 159
06-24 00:47:12.415   532   562 W skia    : AGTM parsing failed flags.readFromStream(s) at 159
06-24 00:47:12.421   480  4020 D android.hardware.audio@7.1-impl.ranchu: 544 frames of silence written
06-24 00:47:12.423  1624  4760 I PSyncWorker: Starting proactive picker sync from sync source: 1
06-24 00:47:12.423  1624  4760 I PickerSyncTracker: Created new sync future java.util.concurrent.CompletableFuture@1ab8ea7[Not completed, 1 dependents]. Future map: {def2911f-e550-45b9-8702-9b3891a8a3f6=java.util.concurrent.CompletableFuture@1ab8ea7[Not completed, 1 dependents]}
06-24 00:47:12.423  1624  4760 D PickerSyncController: syncAllMediaFromProvider() LOCAL, auth=com.android.providers.media.photopicker, retry=true
06-24 00:47:12.424  1624  4760 D PickerSyncController: getSyncRequestParams() LOCAL, auth=com.android.providers.media.photopicker
06-24 00:47:12.429  4900  4938 I Launcher.IconCache: Database bulk icon loading failed, using fallback bulk icon loading for: ComponentInfo{com.nature.iconpackImported3/com.kian.perficontemplate.MainActivity}
06-24 00:47:12.432   532   562 W skia    : AGTM parsing failed flags.readFromStream(s) at 159
06-24 00:47:12.432   532   562 W skia    : AGTM parsing failed flags.readFromStream(s) at 159
06-24 00:47:12.432   532   562 W skia    : AGTM parsing failed flags.readFromStream(s) at 159
06-24 00:47:12.432   532   562 W skia    : AGTM parsing failed flags.readFromStream(s) at 159
06-24 00:47:12.432   532   562 W skia    : AGTM parsing failed flags.readFromStream(s) at 159
06-24 00:47:12.432   532   562 W skia    : AGTM parsing failed flags.readFromStream(s) at 159
06-24 00:47:12.432   480  4020 D android.hardware.audio@7.1-impl.ranchu: 544 frames of silence written
06-24 00:47:12.444   480  4020 D android.hardware.audio@7.1-impl.ranchu: 544 frames of silence written
06-24 00:47:12.447  1624  4760 D PickerSyncController:    Latest ID/Gen=bf2c2f3eec4e8cb6:0000-0000:external_primary/324069
06-24 00:47:12.447  1624  4760 D PickerSyncController:    Cached ID/Gen=bf2c2f3eec4e8cb6:0000-0000:external_primary/324069
06-24 00:47:12.447  1624  4760 D PickerSyncController:    RESULT=SyncRequestParams{type=NONE, gen=0, latest=null, pageSize=1000}
06-24 00:47:12.448  1624  4760 I PickerSyncTracker: Marked sync future complete for work id: def2911f-e550-45b9-8702-9b3891a8a3f6. Future map: {}
06-24 00:47:12.448  1624  4760 I PSyncWorker: Completed picker proactive sync complete from local provider.
06-24 00:47:12.448   532   562 W skia    : AGTM parsing failed flags.readFromStream(s) at 159
06-24 00:47:12.448   532   562 W skia    : AGTM parsing failed flags.readFromStream(s) at 159
06-24 00:47:12.449   532   562 W skia    : AGTM parsing failed flags.readFromStream(s) at 159
06-24 00:47:12.449   532   562 W skia    : AGTM parsing failed flags.readFromStream(s) at 159
06-24 00:47:12.449   532   562 W skia    : AGTM parsing failed flags.readFromStream(s) at 159
06-24 00:47:12.449   532   562 W skia    : AGTM parsing failed flags.readFromStream(s) at 159
06-24 00:47:12.450  1624  1826 I WM-WorkerWrapper: Worker result SUCCESS for Work [ id=def2911f-e550-45b9-8702-9b3891a8a3f6, tags={ com.android.providers.media.photopicker.sync.ProactiveSyncWorker } ]
06-24 00:47:12.455   480  4020 D android.hardware.audio@7.1-impl.ranchu: 544 frames of silence written
06-24 00:47:12.455  1624  1624 D WM-Processor: Processor def2911f-e550-45b9-8702-9b3891a8a3f6 executed; reschedule = false
06-24 00:47:12.455  1624  1624 D WM-GreedyScheduler: Stopping tracking for WorkGenerationalId(workSpecId=def2911f-e550-45b9-8702-9b3891a8a3f6, generation=0)
06-24 00:47:12.458  4900  4938 I Launcher.IconCache: Database bulk icon loading failed, using fallback bulk icon loading for: ComponentInfo{com.google.android.gm/com.google.android.gm.ConversationListActivityGmail}
